Determining if the include file asm/hwcap.h exists failed with the following output:
Change Dir: /home/fgwsz/Gitpro/CTF/Tools/AWD-PuTTy/putty-linux/putty-0.84/CMakeFiles/CMakeTmp

Run Build Command(s):/usr/bin/gmake -f Makefile cmTC_94b89/fast && /usr/bin/gmake  -f CMakeFiles/cmTC_94b89.dir/build.make CMakeFiles/cmTC_94b89.dir/build
gmake[1]: Entering directory '/home/fgwsz/Gitpro/CTF/Tools/AWD-PuTTy/putty-linux/putty-0.84/CMakeFiles/CMakeTmp'
Building C object CMakeFiles/cmTC_94b89.dir/CheckIncludeFile.c.o
/usr/bin/cc -D_DEFAULT_SOURCE -D_GNU_SOURCE  -std=gnu99 -o CMakeFiles/cmTC_94b89.dir/CheckIncludeFile.c.o -c /home/fgwsz/Gitpro/CTF/Tools/AWD-PuTTy/putty-linux/putty-0.84/CMakeFiles/CMakeTmp/CheckIncludeFile.c
/home/fgwsz/Gitpro/CTF/Tools/AWD-PuTTy/putty-linux/putty-0.84/CMakeFiles/CMakeTmp/CheckIncludeFile.c:1:10: fatal error: asm/hwcap.h: No such file or directory
    1 | #include <asm/hwcap.h>
      |          ^~~~~~~~~~~~~
compilation terminated.
gmake[1]: *** [CMakeFiles/cmTC_94b89.dir/build.make:78: CMakeFiles/cmTC_94b89.dir/CheckIncludeFile.c.o] Error 1
gmake[1]: Leaving directory '/home/fgwsz/Gitpro/CTF/Tools/AWD-PuTTy/putty-linux/putty-0.84/CMakeFiles/CMakeTmp'
gmake: *** [Makefile:127: cmTC_94b89/fast] Error 2



Determining if the include file sys/sysctl.h exists failed with the following output:
Change Dir: /home/fgwsz/Gitpro/CTF/Tools/AWD-PuTTy/putty-linux/putty-0.84/CMakeFiles/CMakeTmp

Run Build Command(s):/usr/bin/gmake -f Makefile cmTC_3bf94/fast && /usr/bin/gmake  -f CMakeFiles/cmTC_3bf94.dir/build.make CMakeFiles/cmTC_3bf94.dir/build
gmake[1]: Entering directory '/home/fgwsz/Gitpro/CTF/Tools/AWD-PuTTy/putty-linux/putty-0.84/CMakeFiles/CMakeTmp'
Building C object CMakeFiles/cmTC_3bf94.dir/CheckIncludeFile.c.o
/usr/bin/cc -D_DEFAULT_SOURCE -D_GNU_SOURCE  -std=gnu99 -o CMakeFiles/cmTC_3bf94.dir/CheckIncludeFile.c.o -c /home/fgwsz/Gitpro/CTF/Tools/AWD-PuTTy/putty-linux/putty-0.84/CMakeFiles/CMakeTmp/CheckIncludeFile.c
/home/fgwsz/Gitpro/CTF/Tools/AWD-PuTTy/putty-linux/putty-0.84/CMakeFiles/CMakeTmp/CheckIncludeFile.c:1:10: fatal error: sys/sysctl.h: No such file or directory
    1 | #include <sys/sysctl.h>
      |          ^~~~~~~~~~~~~~
compilation terminated.
gmake[1]: *** [CMakeFiles/cmTC_3bf94.dir/build.make:78: CMakeFiles/cmTC_3bf94.dir/CheckIncludeFile.c.o] Error 1
gmake[1]: Leaving directory '/home/fgwsz/Gitpro/CTF/Tools/AWD-PuTTy/putty-linux/putty-0.84/CMakeFiles/CMakeTmp'
gmake: *** [Makefile:127: cmTC_3bf94/fast] Error 2



Determining if the elf_aux_info exist failed with the following output:
Change Dir: /home/fgwsz/Gitpro/CTF/Tools/AWD-PuTTy/putty-linux/putty-0.84/CMakeFiles/CMakeTmp

Run Build Command(s):/usr/bin/gmake -f Makefile cmTC_a0479/fast && /usr/bin/gmake  -f CMakeFiles/cmTC_a0479.dir/build.make CMakeFiles/cmTC_a0479.dir/build
gmake[1]: Entering directory '/home/fgwsz/Gitpro/CTF/Tools/AWD-PuTTy/putty-linux/putty-0.84/CMakeFiles/CMakeTmp'
Building C object CMakeFiles/cmTC_a0479.dir/CheckSymbolExists.c.o
/usr/bin/cc -D_DEFAULT_SOURCE -D_GNU_SOURCE  -std=gnu99 -o CMakeFiles/cmTC_a0479.dir/CheckSymbolExists.c.o -c /home/fgwsz/Gitpro/CTF/Tools/AWD-PuTTy/putty-linux/putty-0.84/CMakeFiles/CMakeTmp/CheckSymbolExists.c
/home/fgwsz/Gitpro/CTF/Tools/AWD-PuTTy/putty-linux/putty-0.84/CMakeFiles/CMakeTmp/CheckSymbolExists.c: In function ‘main’:
/home/fgwsz/Gitpro/CTF/Tools/AWD-PuTTy/putty-linux/putty-0.84/CMakeFiles/CMakeTmp/CheckSymbolExists.c:8:19: error: ‘elf_aux_info’ undeclared (first use in this function)
    8 |   return ((int*)(&elf_aux_info))[argc];
      |                   ^~~~~~~~~~~~
/home/fgwsz/Gitpro/CTF/Tools/AWD-PuTTy/putty-linux/putty-0.84/CMakeFiles/CMakeTmp/CheckSymbolExists.c:8:19: note: each undeclared identifier is reported only once for each function it appears in
gmake[1]: *** [CMakeFiles/cmTC_a0479.dir/build.make:78: CMakeFiles/cmTC_a0479.dir/CheckSymbolExists.c.o] Error 1
gmake[1]: Leaving directory '/home/fgwsz/Gitpro/CTF/Tools/AWD-PuTTy/putty-linux/putty-0.84/CMakeFiles/CMakeTmp'
gmake: *** [Makefile:127: cmTC_a0479/fast] Error 2


File /home/fgwsz/Gitpro/CTF/Tools/AWD-PuTTy/putty-linux/putty-0.84/CMakeFiles/CMakeTmp/CheckSymbolExists.c:
/* */
#include <sys/auxv.h>

int main(int argc, char** argv)
{
  (void)argv;
#ifndef elf_aux_info
  return ((int*)(&elf_aux_info))[argc];
#else
  (void)argc;
  return 0;
#endif
}
Determining if the sysctlbyname exist failed with the following output:
Change Dir: /home/fgwsz/Gitpro/CTF/Tools/AWD-PuTTy/putty-linux/putty-0.84/CMakeFiles/CMakeTmp

Run Build Command(s):/usr/bin/gmake -f Makefile cmTC_9ad16/fast && /usr/bin/gmake  -f CMakeFiles/cmTC_9ad16.dir/build.make CMakeFiles/cmTC_9ad16.dir/build
gmake[1]: Entering directory '/home/fgwsz/Gitpro/CTF/Tools/AWD-PuTTy/putty-linux/putty-0.84/CMakeFiles/CMakeTmp'
Building C object CMakeFiles/cmTC_9ad16.dir/CheckSymbolExists.c.o
/usr/bin/cc -D_DEFAULT_SOURCE -D_GNU_SOURCE  -std=gnu99 -o CMakeFiles/cmTC_9ad16.dir/CheckSymbolExists.c.o -c /home/fgwsz/Gitpro/CTF/Tools/AWD-PuTTy/putty-linux/putty-0.84/CMakeFiles/CMakeTmp/CheckSymbolExists.c
/home/fgwsz/Gitpro/CTF/Tools/AWD-PuTTy/putty-linux/putty-0.84/CMakeFiles/CMakeTmp/CheckSymbolExists.c:3:10: fatal error: sys/sysctl.h: No such file or directory
    3 | #include <sys/sysctl.h>
      |          ^~~~~~~~~~~~~~
compilation terminated.
gmake[1]: *** [CMakeFiles/cmTC_9ad16.dir/build.make:78: CMakeFiles/cmTC_9ad16.dir/CheckSymbolExists.c.o] Error 1
gmake[1]: Leaving directory '/home/fgwsz/Gitpro/CTF/Tools/AWD-PuTTy/putty-linux/putty-0.84/CMakeFiles/CMakeTmp'
gmake: *** [Makefile:127: cmTC_9ad16/fast] Error 2


File /home/fgwsz/Gitpro/CTF/Tools/AWD-PuTTy/putty-linux/putty-0.84/CMakeFiles/CMakeTmp/CheckSymbolExists.c:
/* */
#include <sys/types.h>
#include <sys/sysctl.h>

int main(int argc, char** argv)
{
  (void)argv;
#ifndef sysctlbyname
  return ((int*)(&sysctlbyname))[argc];
#else
  (void)argc;
  return 0;
#endif
}
Performing C SOURCE FILE Test HAVE_BINARY_SETPGRP failed with the following output:
Change Dir: /home/fgwsz/Gitpro/CTF/Tools/AWD-PuTTy/putty-linux/putty-0.84/CMakeFiles/CMakeTmp

Run Build Command(s):/usr/bin/gmake -f Makefile cmTC_6fe0f/fast && /usr/bin/gmake  -f CMakeFiles/cmTC_6fe0f.dir/build.make CMakeFiles/cmTC_6fe0f.dir/build
gmake[1]: Entering directory '/home/fgwsz/Gitpro/CTF/Tools/AWD-PuTTy/putty-linux/putty-0.84/CMakeFiles/CMakeTmp'
Building C object CMakeFiles/cmTC_6fe0f.dir/src.c.o
/usr/bin/cc -DHAVE_BINARY_SETPGRP -D_DEFAULT_SOURCE -D_GNU_SOURCE  -std=gnu99 -o CMakeFiles/cmTC_6fe0f.dir/src.c.o -c /home/fgwsz/Gitpro/CTF/Tools/AWD-PuTTy/putty-linux/putty-0.84/CMakeFiles/CMakeTmp/src.c
/home/fgwsz/Gitpro/CTF/Tools/AWD-PuTTy/putty-linux/putty-0.84/CMakeFiles/CMakeTmp/src.c: In function ‘main’:
/home/fgwsz/Gitpro/CTF/Tools/AWD-PuTTy/putty-linux/putty-0.84/CMakeFiles/CMakeTmp/src.c:6:5: error: too many arguments to function ‘setpgrp’
    6 |     setpgrp(0, 0);
      |     ^~~~~~~
In file included from /home/fgwsz/Gitpro/CTF/Tools/AWD-PuTTy/putty-linux/putty-0.84/CMakeFiles/CMakeTmp/src.c:3:
/usr/include/unistd.h:682:12: note: declared here
  682 | extern int setpgrp (void) __THROW;
      |            ^~~~~~~
gmake[1]: *** [CMakeFiles/cmTC_6fe0f.dir/build.make:78: CMakeFiles/cmTC_6fe0f.dir/src.c.o] Error 1
gmake[1]: Leaving directory '/home/fgwsz/Gitpro/CTF/Tools/AWD-PuTTy/putty-linux/putty-0.84/CMakeFiles/CMakeTmp'
gmake: *** [Makefile:127: cmTC_6fe0f/fast] Error 2


Source file was:

#include <sys/types.h>
#include <unistd.h>

int main(int argc, char **argv) {
    setpgrp(0, 0);
}
Determining if the function socket exists in the xnet failed with the following output:
Change Dir: /home/fgwsz/Gitpro/CTF/Tools/AWD-PuTTy/putty-linux/putty-0.84/CMakeFiles/CMakeTmp

Run Build Command(s):/usr/bin/gmake -f Makefile cmTC_34fd8/fast && /usr/bin/gmake  -f CMakeFiles/cmTC_34fd8.dir/build.make CMakeFiles/cmTC_34fd8.dir/build
gmake[1]: Entering directory '/home/fgwsz/Gitpro/CTF/Tools/AWD-PuTTy/putty-linux/putty-0.84/CMakeFiles/CMakeTmp'
Building C object CMakeFiles/cmTC_34fd8.dir/CheckFunctionExists.c.o
/usr/bin/cc -D_DEFAULT_SOURCE -D_GNU_SOURCE  -DCHECK_FUNCTION_EXISTS=socket -std=gnu99 -o CMakeFiles/cmTC_34fd8.dir/CheckFunctionExists.c.o -c /usr/share/cmake-3.22/Modules/CheckFunctionExists.c
Linking C executable cmTC_34fd8
/usr/bin/cmake -E cmake_link_script CMakeFiles/cmTC_34fd8.dir/link.txt --verbose=1
/usr/bin/cc  -DCHECK_FUNCTION_EXISTS=socket CMakeFiles/cmTC_34fd8.dir/CheckFunctionExists.c.o -o cmTC_34fd8  -lxnet 
/usr/bin/ld: cannot find -lxnet: No such file or directory
collect2: error: ld returned 1 exit status
gmake[1]: *** [CMakeFiles/cmTC_34fd8.dir/build.make:99: cmTC_34fd8] Error 1
gmake[1]: Leaving directory '/home/fgwsz/Gitpro/CTF/Tools/AWD-PuTTy/putty-linux/putty-0.84/CMakeFiles/CMakeTmp'
gmake: *** [Makefile:127: cmTC_34fd8/fast] Error 2



Performing C SOURCE FILE Test HAVE_COUNTOF failed with the following output:
Change Dir: /home/fgwsz/Gitpro/CTF/Tools/AWD-PuTTy/putty-linux/putty-0.84/CMakeFiles/CMakeTmp

Run Build Command(s):/usr/bin/gmake -f Makefile cmTC_ac398/fast && /usr/bin/gmake  -f CMakeFiles/cmTC_ac398.dir/build.make CMakeFiles/cmTC_ac398.dir/build
gmake[1]: Entering directory '/home/fgwsz/Gitpro/CTF/Tools/AWD-PuTTy/putty-linux/putty-0.84/CMakeFiles/CMakeTmp'
Building C object CMakeFiles/cmTC_ac398.dir/src.c.o
/usr/bin/cc -DHAVE_COUNTOF -D_DEFAULT_SOURCE -D_GNU_SOURCE  -std=gnu99 -o CMakeFiles/cmTC_ac398.dir/src.c.o -c /home/fgwsz/Gitpro/CTF/Tools/AWD-PuTTy/putty-linux/putty-0.84/CMakeFiles/CMakeTmp/src.c
/home/fgwsz/Gitpro/CTF/Tools/AWD-PuTTy/putty-linux/putty-0.84/CMakeFiles/CMakeTmp/src.c: In function ‘main’:
/home/fgwsz/Gitpro/CTF/Tools/AWD-PuTTy/putty-linux/putty-0.84/CMakeFiles/CMakeTmp/src.c:4:12: warning: implicit declaration of function ‘_Countof’ [-Wimplicit-function-declaration]
    4 |     return _Countof(a);
      |            ^~~~~~~~
Linking C executable cmTC_ac398
/usr/bin/cmake -E cmake_link_script CMakeFiles/cmTC_ac398.dir/link.txt --verbose=1
/usr/bin/cc CMakeFiles/cmTC_ac398.dir/src.c.o -o cmTC_ac398 
/usr/bin/ld: CMakeFiles/cmTC_ac398.dir/src.c.o: in function `main':
src.c:(.text+0x2f): undefined reference to `_Countof'
collect2: error: ld returned 1 exit status
gmake[1]: *** [CMakeFiles/cmTC_ac398.dir/build.make:99: cmTC_ac398] Error 1
gmake[1]: Leaving directory '/home/fgwsz/Gitpro/CTF/Tools/AWD-PuTTy/putty-linux/putty-0.84/CMakeFiles/CMakeTmp'
gmake: *** [Makefile:127: cmTC_ac398/fast] Error 2


Source file was:

int main(int argc, char **argv) {
    int a[3];
    return _Countof(a);
}
Performing C SOURCE FILE Test HAVE_ARM_NEON_H failed with the following output:
Change Dir: /home/fgwsz/Gitpro/CTF/Tools/AWD-PuTTy/putty-linux/putty-0.84/CMakeFiles/CMakeTmp

Run Build Command(s):/usr/bin/gmake -f Makefile cmTC_c10fe/fast && /usr/bin/gmake  -f CMakeFiles/cmTC_c10fe.dir/build.make CMakeFiles/cmTC_c10fe.dir/build
gmake[1]: Entering directory '/home/fgwsz/Gitpro/CTF/Tools/AWD-PuTTy/putty-linux/putty-0.84/CMakeFiles/CMakeTmp'
Building C object CMakeFiles/cmTC_c10fe.dir/src.c.o
/usr/bin/cc -DHAVE_ARM_NEON_H -D_DEFAULT_SOURCE -D_GNU_SOURCE  -std=gnu99 -o CMakeFiles/cmTC_c10fe.dir/src.c.o -c /home/fgwsz/Gitpro/CTF/Tools/AWD-PuTTy/putty-linux/putty-0.84/CMakeFiles/CMakeTmp/src.c
/home/fgwsz/Gitpro/CTF/Tools/AWD-PuTTy/putty-linux/putty-0.84/CMakeFiles/CMakeTmp/src.c:2:14: fatal error: arm_neon.h: No such file or directory
    2 |     #include <arm_neon.h>
      |              ^~~~~~~~~~~~
compilation terminated.
gmake[1]: *** [CMakeFiles/cmTC_c10fe.dir/build.make:78: CMakeFiles/cmTC_c10fe.dir/src.c.o] Error 1
gmake[1]: Leaving directory '/home/fgwsz/Gitpro/CTF/Tools/AWD-PuTTy/putty-linux/putty-0.84/CMakeFiles/CMakeTmp'
gmake: *** [Makefile:127: cmTC_c10fe/fast] Error 2


Source file was:

    #include <arm_neon.h>
    volatile uint8x16_t r, a, b;
    int main(void) { r = veorq_u8(a, b); }
Performing C SOURCE FILE Test HAVE_ARM64_NEON_H failed with the following output:
Change Dir: /home/fgwsz/Gitpro/CTF/Tools/AWD-PuTTy/putty-linux/putty-0.84/CMakeFiles/CMakeTmp

Run Build Command(s):/usr/bin/gmake -f Makefile cmTC_68c1a/fast && /usr/bin/gmake  -f CMakeFiles/cmTC_68c1a.dir/build.make CMakeFiles/cmTC_68c1a.dir/build
gmake[1]: Entering directory '/home/fgwsz/Gitpro/CTF/Tools/AWD-PuTTy/putty-linux/putty-0.84/CMakeFiles/CMakeTmp'
Building C object CMakeFiles/cmTC_68c1a.dir/src.c.o
/usr/bin/cc -DHAVE_ARM64_NEON_H -D_DEFAULT_SOURCE -D_GNU_SOURCE  -std=gnu99 -o CMakeFiles/cmTC_68c1a.dir/src.c.o -c /home/fgwsz/Gitpro/CTF/Tools/AWD-PuTTy/putty-linux/putty-0.84/CMakeFiles/CMakeTmp/src.c
/home/fgwsz/Gitpro/CTF/Tools/AWD-PuTTy/putty-linux/putty-0.84/CMakeFiles/CMakeTmp/src.c:2:14: fatal error: arm64_neon.h: No such file or directory
    2 |     #include <arm64_neon.h>
      |              ^~~~~~~~~~~~~~
compilation terminated.
gmake[1]: *** [CMakeFiles/cmTC_68c1a.dir/build.make:78: CMakeFiles/cmTC_68c1a.dir/src.c.o] Error 1
gmake[1]: Leaving directory '/home/fgwsz/Gitpro/CTF/Tools/AWD-PuTTy/putty-linux/putty-0.84/CMakeFiles/CMakeTmp'
gmake: *** [Makefile:127: cmTC_68c1a/fast] Error 2


Source file was:

    #include <arm64_neon.h>
    volatile uint8x16_t r, a, b;
    int main(void) { r = veorq_u8(a, b); }
Performing C SOURCE FILE Test HAVE_ARM_DIT failed with the following output:
Change Dir: /home/fgwsz/Gitpro/CTF/Tools/AWD-PuTTy/putty-linux/putty-0.84/CMakeFiles/CMakeTmp

Run Build Command(s):/usr/bin/gmake -f Makefile cmTC_3ecd1/fast && /usr/bin/gmake  -f CMakeFiles/cmTC_3ecd1.dir/build.make CMakeFiles/cmTC_3ecd1.dir/build
gmake[1]: Entering directory '/home/fgwsz/Gitpro/CTF/Tools/AWD-PuTTy/putty-linux/putty-0.84/CMakeFiles/CMakeTmp'
Building C object CMakeFiles/cmTC_3ecd1.dir/src.c.o
/usr/bin/cc -DHAVE_ARM_DIT -D_DEFAULT_SOURCE -D_GNU_SOURCE  -std=gnu99 -o CMakeFiles/cmTC_3ecd1.dir/src.c.o -c /home/fgwsz/Gitpro/CTF/Tools/AWD-PuTTy/putty-linux/putty-0.84/CMakeFiles/CMakeTmp/src.c
/home/fgwsz/Gitpro/CTF/Tools/AWD-PuTTy/putty-linux/putty-0.84/CMakeFiles/CMakeTmp/src.c:3:6: error: #error make sure this only even tries to work on AArch64
    3 |     #error make sure this only even tries to work on AArch64
      |      ^~~~~
gmake[1]: *** [CMakeFiles/cmTC_3ecd1.dir/build.make:78: CMakeFiles/cmTC_3ecd1.dir/src.c.o] Error 1
gmake[1]: Leaving directory '/home/fgwsz/Gitpro/CTF/Tools/AWD-PuTTy/putty-linux/putty-0.84/CMakeFiles/CMakeTmp'
gmake: *** [Makefile:127: cmTC_3ecd1/fast] Error 2


Source file was:

    #ifndef __aarch64__
    #error make sure this only even tries to work on AArch64
    #endif
    #include <stdint.h>
    int main(void) {
      register uint64_t one asm("x8");
      one = 1;
      asm volatile(".inst 0xd51b42a8" :: "r"(one));
    }
