The system is: Linux - 6.8.0-136-generic - x86_64
Compiling the C compiler identification source file "CMakeCCompilerId.c" succeeded.
Compiler: /usr/bin/cc 
Build flags: 
Id flags:  

The output was:
0


Compilation of the C compiler identification source "CMakeCCompilerId.c" produced "a.out"

The C compiler identification is GNU, found in "/home/fgwsz/Gitpro/CTF/Tools/AWD-PuTTy/putty-linux/putty-0.84/CMakeFiles/3.22.1/CompilerIdC/a.out"

Detecting C compiler ABI info compiled with the following output:
Change Dir: /home/fgwsz/Gitpro/CTF/Tools/AWD-PuTTy/putty-linux/putty-0.84/CMakeFiles/CMakeTmp

Run Build Command(s):/usr/bin/gmake -f Makefile cmTC_4fc15/fast && /usr/bin/gmake  -f CMakeFiles/cmTC_4fc15.dir/build.make CMakeFiles/cmTC_4fc15.dir/build
gmake[1]: Entering directory '/home/fgwsz/Gitpro/CTF/Tools/AWD-PuTTy/putty-linux/putty-0.84/CMakeFiles/CMakeTmp'
Building C object CMakeFiles/cmTC_4fc15.dir/CMakeCCompilerABI.c.o
/usr/bin/cc   -v -o CMakeFiles/cmTC_4fc15.dir/CMakeCCompilerABI.c.o -c /usr/share/cmake-3.22/Modules/CMakeCCompilerABI.c
Using built-in specs.
COLLECT_GCC=/usr/bin/cc
OFFLOAD_TARGET_NAMES=nvptx-none:amdgcn-amdhsa
OFFLOAD_TARGET_DEFAULT=1
Target: x86_64-linux-gnu
Configured with: ../src/configure -v --with-pkgversion='Ubuntu 13.1.0-8ubuntu1~22.04' --with-bugurl=file:///usr/share/doc/gcc-13/README.Bugs --enable-languages=c,ada,c++,go,d,fortran,objc,obj-c++,m2,rust --prefix=/usr --with-gcc-major-version-only --program-suffix=-13 --program-prefix=x86_64-linux-gnu- --enable-shared --enable-linker-build-id --libexecdir=/usr/libexec --without-included-gettext --enable-threads=posix --libdir=/usr/lib --enable-nls --enable-bootstrap --enable-clocale=gnu --enable-libstdcxx-debug --enable-libstdcxx-time=yes --with-default-libstdcxx-abi=new --enable-gnu-unique-object --disable-vtable-verify --enable-plugin --enable-default-pie --with-system-zlib --enable-libphobos-checking=release --with-target-system-zlib=auto --enable-objc-gc=auto --enable-multiarch --disable-werror --enable-cet --with-arch-32=i686 --with-abi=m64 --with-multilib-list=m32,m64,mx32 --enable-multilib --with-tune=generic --enable-offload-targets=nvptx-none=/build/gcc-13-IvzKaI/gcc-13-13.1.0/debian/tmp-nvptx/usr,amdgcn-amdhsa=/build/gcc-13-IvzKaI/gcc-13-13.1.0/debian/tmp-gcn/usr --enable-offload-defaulted --without-cuda-driver --enable-checking=release --build=x86_64-linux-gnu --host=x86_64-linux-gnu --target=x86_64-linux-gnu --with-build-config=bootstrap-lto-lean --enable-link-serialization=2
Thread model: posix
Supported LTO compression algorithms: zlib zstd
gcc version 13.1.0 (Ubuntu 13.1.0-8ubuntu1~22.04) 
COLLECT_GCC_OPTIONS='-v' '-o' 'CMakeFiles/cmTC_4fc15.dir/CMakeCCompilerABI.c.o' '-c' '-mtune=generic' '-march=x86-64' '-dumpdir' 'CMakeFiles/cmTC_4fc15.dir/'
 /usr/libexec/gcc/x86_64-linux-gnu/13/cc1 -quiet -v -imultiarch x86_64-linux-gnu /usr/share/cmake-3.22/Modules/CMakeCCompilerABI.c -quiet -dumpdir CMakeFiles/cmTC_4fc15.dir/ -dumpbase CMakeCCompilerABI.c.c -dumpbase-ext .c -mtune=generic -march=x86-64 -version -fasynchronous-unwind-tables -fstack-protector-strong -Wformat -Wformat-security -fstack-clash-protection -fcf-protection -o /tmp/ccS1v0pl.s
GNU C17 (Ubuntu 13.1.0-8ubuntu1~22.04) version 13.1.0 (x86_64-linux-gnu)
	compiled by GNU C version 13.1.0, GMP version 6.2.1, MPFR version 4.1.0, MPC version 1.2.1, isl version isl-0.24-GMP

GGC heuristics: --param ggc-min-expand=100 --param ggc-min-heapsize=131072
ignoring nonexistent directory "/usr/local/include/x86_64-linux-gnu"
ignoring nonexistent directory "/usr/lib/gcc/x86_64-linux-gnu/13/include-fixed/x86_64-linux-gnu"
ignoring nonexistent directory "/usr/lib/gcc/x86_64-linux-gnu/13/include-fixed"
ignoring nonexistent directory "/usr/lib/gcc/x86_64-linux-gnu/13/../../../../x86_64-linux-gnu/include"
#include "..." search starts here:
#include <...> search starts here:
 /usr/lib/gcc/x86_64-linux-gnu/13/include
 /usr/local/include
 /usr/include/x86_64-linux-gnu
 /usr/include
End of search list.
Compiler executable checksum: d80f7a3177dda410206b6b40a1a1b357
COLLECT_GCC_OPTIONS='-v' '-o' 'CMakeFiles/cmTC_4fc15.dir/CMakeCCompilerABI.c.o' '-c' '-mtune=generic' '-march=x86-64' '-dumpdir' 'CMakeFiles/cmTC_4fc15.dir/'
 as -v --64 -o CMakeFiles/cmTC_4fc15.dir/CMakeCCompilerABI.c.o /tmp/ccS1v0pl.s
GNU assembler version 2.38 (x86_64-linux-gnu) using BFD version (GNU Binutils for Ubuntu) 2.38
COMPILER_PATH=/usr/libexec/gcc/x86_64-linux-gnu/13/:/usr/libexec/gcc/x86_64-linux-gnu/13/:/usr/libexec/gcc/x86_64-linux-gnu/:/usr/lib/gcc/x86_64-linux-gnu/13/:/usr/lib/gcc/x86_64-linux-gnu/
LIBRARY_PATH=/usr/lib/gcc/x86_64-linux-gnu/13/:/usr/lib/gcc/x86_64-linux-gnu/13/../../../x86_64-linux-gnu/:/usr/lib/gcc/x86_64-linux-gnu/13/../../../../lib/:/lib/x86_64-linux-gnu/:/lib/../lib/:/usr/lib/x86_64-linux-gnu/:/usr/lib/../lib/:/usr/lib/gcc/x86_64-linux-gnu/13/../../../:/lib/:/usr/lib/
COLLECT_GCC_OPTIONS='-v' '-o' 'CMakeFiles/cmTC_4fc15.dir/CMakeCCompilerABI.c.o' '-c' '-mtune=generic' '-march=x86-64' '-dumpdir' 'CMakeFiles/cmTC_4fc15.dir/CMakeCCompilerABI.c.'
Linking C executable cmTC_4fc15
/usr/bin/cmake -E cmake_link_script CMakeFiles/cmTC_4fc15.dir/link.txt --verbose=1
/usr/bin/cc  -v CMakeFiles/cmTC_4fc15.dir/CMakeCCompilerABI.c.o -o cmTC_4fc15 
Using built-in specs.
COLLECT_GCC=/usr/bin/cc
COLLECT_LTO_WRAPPER=/usr/libexec/gcc/x86_64-linux-gnu/13/lto-wrapper
OFFLOAD_TARGET_NAMES=nvptx-none:amdgcn-amdhsa
OFFLOAD_TARGET_DEFAULT=1
Target: x86_64-linux-gnu
Configured with: ../src/configure -v --with-pkgversion='Ubuntu 13.1.0-8ubuntu1~22.04' --with-bugurl=file:///usr/share/doc/gcc-13/README.Bugs --enable-languages=c,ada,c++,go,d,fortran,objc,obj-c++,m2,rust --prefix=/usr --with-gcc-major-version-only --program-suffix=-13 --program-prefix=x86_64-linux-gnu- --enable-shared --enable-linker-build-id --libexecdir=/usr/libexec --without-included-gettext --enable-threads=posix --libdir=/usr/lib --enable-nls --enable-bootstrap --enable-clocale=gnu --enable-libstdcxx-debug --enable-libstdcxx-time=yes --with-default-libstdcxx-abi=new --enable-gnu-unique-object --disable-vtable-verify --enable-plugin --enable-default-pie --with-system-zlib --enable-libphobos-checking=release --with-target-system-zlib=auto --enable-objc-gc=auto --enable-multiarch --disable-werror --enable-cet --with-arch-32=i686 --with-abi=m64 --with-multilib-list=m32,m64,mx32 --enable-multilib --with-tune=generic --enable-offload-targets=nvptx-none=/build/gcc-13-IvzKaI/gcc-13-13.1.0/debian/tmp-nvptx/usr,amdgcn-amdhsa=/build/gcc-13-IvzKaI/gcc-13-13.1.0/debian/tmp-gcn/usr --enable-offload-defaulted --without-cuda-driver --enable-checking=release --build=x86_64-linux-gnu --host=x86_64-linux-gnu --target=x86_64-linux-gnu --with-build-config=bootstrap-lto-lean --enable-link-serialization=2
Thread model: posix
Supported LTO compression algorithms: zlib zstd
gcc version 13.1.0 (Ubuntu 13.1.0-8ubuntu1~22.04) 
COMPILER_PATH=/usr/libexec/gcc/x86_64-linux-gnu/13/:/usr/libexec/gcc/x86_64-linux-gnu/13/:/usr/libexec/gcc/x86_64-linux-gnu/:/usr/lib/gcc/x86_64-linux-gnu/13/:/usr/lib/gcc/x86_64-linux-gnu/
LIBRARY_PATH=/usr/lib/gcc/x86_64-linux-gnu/13/:/usr/lib/gcc/x86_64-linux-gnu/13/../../../x86_64-linux-gnu/:/usr/lib/gcc/x86_64-linux-gnu/13/../../../../lib/:/lib/x86_64-linux-gnu/:/lib/../lib/:/usr/lib/x86_64-linux-gnu/:/usr/lib/../lib/:/usr/lib/gcc/x86_64-linux-gnu/13/../../../:/lib/:/usr/lib/
COLLECT_GCC_OPTIONS='-v' '-o' 'cmTC_4fc15' '-mtune=generic' '-march=x86-64' '-dumpdir' 'cmTC_4fc15.'
 /usr/libexec/gcc/x86_64-linux-gnu/13/collect2 -plugin /usr/libexec/gcc/x86_64-linux-gnu/13/liblto_plugin.so -plugin-opt=/usr/libexec/gcc/x86_64-linux-gnu/13/lto-wrapper -plugin-opt=-fresolution=/tmp/cc6qfEsy.res -plugin-opt=-pass-through=-lgcc -plugin-opt=-pass-through=-lgcc_s -plugin-opt=-pass-through=-lc -plugin-opt=-pass-through=-lgcc -plugin-opt=-pass-through=-lgcc_s --build-id --eh-frame-hdr -m elf_x86_64 --hash-style=gnu --as-needed -dynamic-linker /lib64/ld-linux-x86-64.so.2 -pie -z now -z relro -o cmTC_4fc15 /usr/lib/gcc/x86_64-linux-gnu/13/../../../x86_64-linux-gnu/Scrt1.o /usr/lib/gcc/x86_64-linux-gnu/13/../../../x86_64-linux-gnu/crti.o /usr/lib/gcc/x86_64-linux-gnu/13/crtbeginS.o -L/usr/lib/gcc/x86_64-linux-gnu/13 -L/usr/lib/gcc/x86_64-linux-gnu/13/../../../x86_64-linux-gnu -L/usr/lib/gcc/x86_64-linux-gnu/13/../../../../lib -L/lib/x86_64-linux-gnu -L/lib/../lib -L/usr/lib/x86_64-linux-gnu -L/usr/lib/../lib -L/usr/lib/gcc/x86_64-linux-gnu/13/../../.. CMakeFiles/cmTC_4fc15.dir/CMakeCCompilerABI.c.o -lgcc --push-state --as-needed -lgcc_s --pop-state -lc -lgcc --push-state --as-needed -lgcc_s --pop-state /usr/lib/gcc/x86_64-linux-gnu/13/crtendS.o /usr/lib/gcc/x86_64-linux-gnu/13/../../../x86_64-linux-gnu/crtn.o
COLLECT_GCC_OPTIONS='-v' '-o' 'cmTC_4fc15' '-mtune=generic' '-march=x86-64' '-dumpdir' 'cmTC_4fc15.'
gmake[1]: Leaving directory '/home/fgwsz/Gitpro/CTF/Tools/AWD-PuTTy/putty-linux/putty-0.84/CMakeFiles/CMakeTmp'



Parsed C implicit include dir info from above output: rv=done
  found start of include info
  found start of implicit include info
    add: [/usr/lib/gcc/x86_64-linux-gnu/13/include]
    add: [/usr/local/include]
    add: [/usr/include/x86_64-linux-gnu]
    add: [/usr/include]
  end of search list found
  collapse include dir [/usr/lib/gcc/x86_64-linux-gnu/13/include] ==> [/usr/lib/gcc/x86_64-linux-gnu/13/include]
  collapse include dir [/usr/local/include] ==> [/usr/local/include]
  collapse include dir [/usr/include/x86_64-linux-gnu] ==> [/usr/include/x86_64-linux-gnu]
  collapse include dir [/usr/include] ==> [/usr/include]
  implicit include dirs: [/usr/lib/gcc/x86_64-linux-gnu/13/include;/usr/local/include;/usr/include/x86_64-linux-gnu;/usr/include]


Parsed C implicit link information from above output:
  link line regex: [^( *|.*[/\])(ld|CMAKE_LINK_STARTFILE-NOTFOUND|([^/\]+-)?ld|collect2)[^/\]*( |$)]
  ignore line: [Change Dir: /home/fgwsz/Gitpro/CTF/Tools/AWD-PuTTy/putty-linux/putty-0.84/CMakeFiles/CMakeTmp]
  ignore line: []
  ignore line: [Run Build Command(s):/usr/bin/gmake -f Makefile cmTC_4fc15/fast && /usr/bin/gmake  -f CMakeFiles/cmTC_4fc15.dir/build.make CMakeFiles/cmTC_4fc15.dir/build]
  ignore line: [gmake[1]: Entering directory '/home/fgwsz/Gitpro/CTF/Tools/AWD-PuTTy/putty-linux/putty-0.84/CMakeFiles/CMakeTmp']
  ignore line: [Building C object CMakeFiles/cmTC_4fc15.dir/CMakeCCompilerABI.c.o]
  ignore line: [/usr/bin/cc   -v -o CMakeFiles/cmTC_4fc15.dir/CMakeCCompilerABI.c.o -c /usr/share/cmake-3.22/Modules/CMakeCCompilerABI.c]
  ignore line: [Using built-in specs.]
  ignore line: [COLLECT_GCC=/usr/bin/cc]
  ignore line: [OFFLOAD_TARGET_NAMES=nvptx-none:amdgcn-amdhsa]
  ignore line: [OFFLOAD_TARGET_DEFAULT=1]
  ignore line: [Target: x86_64-linux-gnu]
  ignore line: [Configured with: ../src/configure -v --with-pkgversion='Ubuntu 13.1.0-8ubuntu1~22.04' --with-bugurl=file:///usr/share/doc/gcc-13/README.Bugs --enable-languages=c ada c++ go d fortran objc obj-c++ m2 rust --prefix=/usr --with-gcc-major-version-only --program-suffix=-13 --program-prefix=x86_64-linux-gnu- --enable-shared --enable-linker-build-id --libexecdir=/usr/libexec --without-included-gettext --enable-threads=posix --libdir=/usr/lib --enable-nls --enable-bootstrap --enable-clocale=gnu --enable-libstdcxx-debug --enable-libstdcxx-time=yes --with-default-libstdcxx-abi=new --enable-gnu-unique-object --disable-vtable-verify --enable-plugin --enable-default-pie --with-system-zlib --enable-libphobos-checking=release --with-target-system-zlib=auto --enable-objc-gc=auto --enable-multiarch --disable-werror --enable-cet --with-arch-32=i686 --with-abi=m64 --with-multilib-list=m32 m64 mx32 --enable-multilib --with-tune=generic --enable-offload-targets=nvptx-none=/build/gcc-13-IvzKaI/gcc-13-13.1.0/debian/tmp-nvptx/usr amdgcn-amdhsa=/build/gcc-13-IvzKaI/gcc-13-13.1.0/debian/tmp-gcn/usr --enable-offload-defaulted --without-cuda-driver --enable-checking=release --build=x86_64-linux-gnu --host=x86_64-linux-gnu --target=x86_64-linux-gnu --with-build-config=bootstrap-lto-lean --enable-link-serialization=2]
  ignore line: [Thread model: posix]
  ignore line: [Supported LTO compression algorithms: zlib zstd]
  ignore line: [gcc version 13.1.0 (Ubuntu 13.1.0-8ubuntu1~22.04) ]
  ignore line: [COLLECT_GCC_OPTIONS='-v' '-o' 'CMakeFiles/cmTC_4fc15.dir/CMakeCCompilerABI.c.o' '-c' '-mtune=generic' '-march=x86-64' '-dumpdir' 'CMakeFiles/cmTC_4fc15.dir/']
  ignore line: [ /usr/libexec/gcc/x86_64-linux-gnu/13/cc1 -quiet -v -imultiarch x86_64-linux-gnu /usr/share/cmake-3.22/Modules/CMakeCCompilerABI.c -quiet -dumpdir CMakeFiles/cmTC_4fc15.dir/ -dumpbase CMakeCCompilerABI.c.c -dumpbase-ext .c -mtune=generic -march=x86-64 -version -fasynchronous-unwind-tables -fstack-protector-strong -Wformat -Wformat-security -fstack-clash-protection -fcf-protection -o /tmp/ccS1v0pl.s]
  ignore line: [GNU C17 (Ubuntu 13.1.0-8ubuntu1~22.04) version 13.1.0 (x86_64-linux-gnu)]
  ignore line: [	compiled by GNU C version 13.1.0  GMP version 6.2.1  MPFR version 4.1.0  MPC version 1.2.1  isl version isl-0.24-GMP]
  ignore line: []
  ignore line: [GGC heuristics: --param ggc-min-expand=100 --param ggc-min-heapsize=131072]
  ignore line: [ignoring nonexistent directory "/usr/local/include/x86_64-linux-gnu"]
  ignore line: [ignoring nonexistent directory "/usr/lib/gcc/x86_64-linux-gnu/13/include-fixed/x86_64-linux-gnu"]
  ignore line: [ignoring nonexistent directory "/usr/lib/gcc/x86_64-linux-gnu/13/include-fixed"]
  ignore line: [ignoring nonexistent directory "/usr/lib/gcc/x86_64-linux-gnu/13/../../../../x86_64-linux-gnu/include"]
  ignore line: [#include "..." search starts here:]
  ignore line: [#include <...> search starts here:]
  ignore line: [ /usr/lib/gcc/x86_64-linux-gnu/13/include]
  ignore line: [ /usr/local/include]
  ignore line: [ /usr/include/x86_64-linux-gnu]
  ignore line: [ /usr/include]
  ignore line: [End of search list.]
  ignore line: [Compiler executable checksum: d80f7a3177dda410206b6b40a1a1b357]
  ignore line: [COLLECT_GCC_OPTIONS='-v' '-o' 'CMakeFiles/cmTC_4fc15.dir/CMakeCCompilerABI.c.o' '-c' '-mtune=generic' '-march=x86-64' '-dumpdir' 'CMakeFiles/cmTC_4fc15.dir/']
  ignore line: [ as -v --64 -o CMakeFiles/cmTC_4fc15.dir/CMakeCCompilerABI.c.o /tmp/ccS1v0pl.s]
  ignore line: [GNU assembler version 2.38 (x86_64-linux-gnu) using BFD version (GNU Binutils for Ubuntu) 2.38]
  ignore line: [COMPILER_PATH=/usr/libexec/gcc/x86_64-linux-gnu/13/:/usr/libexec/gcc/x86_64-linux-gnu/13/:/usr/libexec/gcc/x86_64-linux-gnu/:/usr/lib/gcc/x86_64-linux-gnu/13/:/usr/lib/gcc/x86_64-linux-gnu/]
  ignore line: [LIBRARY_PATH=/usr/lib/gcc/x86_64-linux-gnu/13/:/usr/lib/gcc/x86_64-linux-gnu/13/../../../x86_64-linux-gnu/:/usr/lib/gcc/x86_64-linux-gnu/13/../../../../lib/:/lib/x86_64-linux-gnu/:/lib/../lib/:/usr/lib/x86_64-linux-gnu/:/usr/lib/../lib/:/usr/lib/gcc/x86_64-linux-gnu/13/../../../:/lib/:/usr/lib/]
  ignore line: [COLLECT_GCC_OPTIONS='-v' '-o' 'CMakeFiles/cmTC_4fc15.dir/CMakeCCompilerABI.c.o' '-c' '-mtune=generic' '-march=x86-64' '-dumpdir' 'CMakeFiles/cmTC_4fc15.dir/CMakeCCompilerABI.c.']
  ignore line: [Linking C executable cmTC_4fc15]
  ignore line: [/usr/bin/cmake -E cmake_link_script CMakeFiles/cmTC_4fc15.dir/link.txt --verbose=1]
  ignore line: [/usr/bin/cc  -v CMakeFiles/cmTC_4fc15.dir/CMakeCCompilerABI.c.o -o cmTC_4fc15 ]
  ignore line: [Using built-in specs.]
  ignore line: [COLLECT_GCC=/usr/bin/cc]
  ignore line: [COLLECT_LTO_WRAPPER=/usr/libexec/gcc/x86_64-linux-gnu/13/lto-wrapper]
  ignore line: [OFFLOAD_TARGET_NAMES=nvptx-none:amdgcn-amdhsa]
  ignore line: [OFFLOAD_TARGET_DEFAULT=1]
  ignore line: [Target: x86_64-linux-gnu]
  ignore line: [Configured with: ../src/configure -v --with-pkgversion='Ubuntu 13.1.0-8ubuntu1~22.04' --with-bugurl=file:///usr/share/doc/gcc-13/README.Bugs --enable-languages=c ada c++ go d fortran objc obj-c++ m2 rust --prefix=/usr --with-gcc-major-version-only --program-suffix=-13 --program-prefix=x86_64-linux-gnu- --enable-shared --enable-linker-build-id --libexecdir=/usr/libexec --without-included-gettext --enable-threads=posix --libdir=/usr/lib --enable-nls --enable-bootstrap --enable-clocale=gnu --enable-libstdcxx-debug --enable-libstdcxx-time=yes --with-default-libstdcxx-abi=new --enable-gnu-unique-object --disable-vtable-verify --enable-plugin --enable-default-pie --with-system-zlib --enable-libphobos-checking=release --with-target-system-zlib=auto --enable-objc-gc=auto --enable-multiarch --disable-werror --enable-cet --with-arch-32=i686 --with-abi=m64 --with-multilib-list=m32 m64 mx32 --enable-multilib --with-tune=generic --enable-offload-targets=nvptx-none=/build/gcc-13-IvzKaI/gcc-13-13.1.0/debian/tmp-nvptx/usr amdgcn-amdhsa=/build/gcc-13-IvzKaI/gcc-13-13.1.0/debian/tmp-gcn/usr --enable-offload-defaulted --without-cuda-driver --enable-checking=release --build=x86_64-linux-gnu --host=x86_64-linux-gnu --target=x86_64-linux-gnu --with-build-config=bootstrap-lto-lean --enable-link-serialization=2]
  ignore line: [Thread model: posix]
  ignore line: [Supported LTO compression algorithms: zlib zstd]
  ignore line: [gcc version 13.1.0 (Ubuntu 13.1.0-8ubuntu1~22.04) ]
  ignore line: [COMPILER_PATH=/usr/libexec/gcc/x86_64-linux-gnu/13/:/usr/libexec/gcc/x86_64-linux-gnu/13/:/usr/libexec/gcc/x86_64-linux-gnu/:/usr/lib/gcc/x86_64-linux-gnu/13/:/usr/lib/gcc/x86_64-linux-gnu/]
  ignore line: [LIBRARY_PATH=/usr/lib/gcc/x86_64-linux-gnu/13/:/usr/lib/gcc/x86_64-linux-gnu/13/../../../x86_64-linux-gnu/:/usr/lib/gcc/x86_64-linux-gnu/13/../../../../lib/:/lib/x86_64-linux-gnu/:/lib/../lib/:/usr/lib/x86_64-linux-gnu/:/usr/lib/../lib/:/usr/lib/gcc/x86_64-linux-gnu/13/../../../:/lib/:/usr/lib/]
  ignore line: [COLLECT_GCC_OPTIONS='-v' '-o' 'cmTC_4fc15' '-mtune=generic' '-march=x86-64' '-dumpdir' 'cmTC_4fc15.']
  link line: [ /usr/libexec/gcc/x86_64-linux-gnu/13/collect2 -plugin /usr/libexec/gcc/x86_64-linux-gnu/13/liblto_plugin.so -plugin-opt=/usr/libexec/gcc/x86_64-linux-gnu/13/lto-wrapper -plugin-opt=-fresolution=/tmp/cc6qfEsy.res -plugin-opt=-pass-through=-lgcc -plugin-opt=-pass-through=-lgcc_s -plugin-opt=-pass-through=-lc -plugin-opt=-pass-through=-lgcc -plugin-opt=-pass-through=-lgcc_s --build-id --eh-frame-hdr -m elf_x86_64 --hash-style=gnu --as-needed -dynamic-linker /lib64/ld-linux-x86-64.so.2 -pie -z now -z relro -o cmTC_4fc15 /usr/lib/gcc/x86_64-linux-gnu/13/../../../x86_64-linux-gnu/Scrt1.o /usr/lib/gcc/x86_64-linux-gnu/13/../../../x86_64-linux-gnu/crti.o /usr/lib/gcc/x86_64-linux-gnu/13/crtbeginS.o -L/usr/lib/gcc/x86_64-linux-gnu/13 -L/usr/lib/gcc/x86_64-linux-gnu/13/../../../x86_64-linux-gnu -L/usr/lib/gcc/x86_64-linux-gnu/13/../../../../lib -L/lib/x86_64-linux-gnu -L/lib/../lib -L/usr/lib/x86_64-linux-gnu -L/usr/lib/../lib -L/usr/lib/gcc/x86_64-linux-gnu/13/../../.. CMakeFiles/cmTC_4fc15.dir/CMakeCCompilerABI.c.o -lgcc --push-state --as-needed -lgcc_s --pop-state -lc -lgcc --push-state --as-needed -lgcc_s --pop-state /usr/lib/gcc/x86_64-linux-gnu/13/crtendS.o /usr/lib/gcc/x86_64-linux-gnu/13/../../../x86_64-linux-gnu/crtn.o]
    arg [/usr/libexec/gcc/x86_64-linux-gnu/13/collect2] ==> ignore
    arg [-plugin] ==> ignore
    arg [/usr/libexec/gcc/x86_64-linux-gnu/13/liblto_plugin.so] ==> ignore
    arg [-plugin-opt=/usr/libexec/gcc/x86_64-linux-gnu/13/lto-wrapper] ==> ignore
    arg [-plugin-opt=-fresolution=/tmp/cc6qfEsy.res] ==> ignore
    arg [-plugin-opt=-pass-through=-lgcc] ==> ignore
    arg [-plugin-opt=-pass-through=-lgcc_s] ==> ignore
    arg [-plugin-opt=-pass-through=-lc] ==> ignore
    arg [-plugin-opt=-pass-through=-lgcc] ==> ignore
    arg [-plugin-opt=-pass-through=-lgcc_s] ==> ignore
    arg [--build-id] ==> ignore
    arg [--eh-frame-hdr] ==> ignore
    arg [-m] ==> ignore
    arg [elf_x86_64] ==> ignore
    arg [--hash-style=gnu] ==> ignore
    arg [--as-needed] ==> ignore
    arg [-dynamic-linker] ==> ignore
    arg [/lib64/ld-linux-x86-64.so.2] ==> ignore
    arg [-pie] ==> ignore
    arg [-znow] ==> ignore
    arg [-zrelro] ==> ignore
    arg [-o] ==> ignore
    arg [cmTC_4fc15] ==> ignore
    arg [/usr/lib/gcc/x86_64-linux-gnu/13/../../../x86_64-linux-gnu/Scrt1.o] ==> obj [/usr/lib/gcc/x86_64-linux-gnu/13/../../../x86_64-linux-gnu/Scrt1.o]
    arg [/usr/lib/gcc/x86_64-linux-gnu/13/../../../x86_64-linux-gnu/crti.o] ==> obj [/usr/lib/gcc/x86_64-linux-gnu/13/../../../x86_64-linux-gnu/crti.o]
    arg [/usr/lib/gcc/x86_64-linux-gnu/13/crtbeginS.o] ==> obj [/usr/lib/gcc/x86_64-linux-gnu/13/crtbeginS.o]
    arg [-L/usr/lib/gcc/x86_64-linux-gnu/13] ==> dir [/usr/lib/gcc/x86_64-linux-gnu/13]
    arg [-L/usr/lib/gcc/x86_64-linux-gnu/13/../../../x86_64-linux-gnu] ==> dir [/usr/lib/gcc/x86_64-linux-gnu/13/../../../x86_64-linux-gnu]
    arg [-L/usr/lib/gcc/x86_64-linux-gnu/13/../../../../lib] ==> dir [/usr/lib/gcc/x86_64-linux-gnu/13/../../../../lib]
    arg [-L/lib/x86_64-linux-gnu] ==> dir [/lib/x86_64-linux-gnu]
    arg [-L/lib/../lib] ==> dir [/lib/../lib]
    arg [-L/usr/lib/x86_64-linux-gnu] ==> dir [/usr/lib/x86_64-linux-gnu]
    arg [-L/usr/lib/../lib] ==> dir [/usr/lib/../lib]
    arg [-L/usr/lib/gcc/x86_64-linux-gnu/13/../../..] ==> dir [/usr/lib/gcc/x86_64-linux-gnu/13/../../..]
    arg [CMakeFiles/cmTC_4fc15.dir/CMakeCCompilerABI.c.o] ==> ignore
    arg [-lgcc] ==> lib [gcc]
    arg [--push-state] ==> ignore
    arg [--as-needed] ==> ignore
    arg [-lgcc_s] ==> lib [gcc_s]
    arg [--pop-state] ==> ignore
    arg [-lc] ==> lib [c]
    arg [-lgcc] ==> lib [gcc]
    arg [--push-state] ==> ignore
    arg [--as-needed] ==> ignore
    arg [-lgcc_s] ==> lib [gcc_s]
    arg [--pop-state] ==> ignore
    arg [/usr/lib/gcc/x86_64-linux-gnu/13/crtendS.o] ==> obj [/usr/lib/gcc/x86_64-linux-gnu/13/crtendS.o]
    arg [/usr/lib/gcc/x86_64-linux-gnu/13/../../../x86_64-linux-gnu/crtn.o] ==> obj [/usr/lib/gcc/x86_64-linux-gnu/13/../../../x86_64-linux-gnu/crtn.o]
  collapse obj [/usr/lib/gcc/x86_64-linux-gnu/13/../../../x86_64-linux-gnu/Scrt1.o] ==> [/usr/lib/x86_64-linux-gnu/Scrt1.o]
  collapse obj [/usr/lib/gcc/x86_64-linux-gnu/13/../../../x86_64-linux-gnu/crti.o] ==> [/usr/lib/x86_64-linux-gnu/crti.o]
  collapse obj [/usr/lib/gcc/x86_64-linux-gnu/13/../../../x86_64-linux-gnu/crtn.o] ==> [/usr/lib/x86_64-linux-gnu/crtn.o]
  collapse library dir [/usr/lib/gcc/x86_64-linux-gnu/13] ==> [/usr/lib/gcc/x86_64-linux-gnu/13]
  collapse library dir [/usr/lib/gcc/x86_64-linux-gnu/13/../../../x86_64-linux-gnu] ==> [/usr/lib/x86_64-linux-gnu]
  collapse library dir [/usr/lib/gcc/x86_64-linux-gnu/13/../../../../lib] ==> [/usr/lib]
  collapse library dir [/lib/x86_64-linux-gnu] ==> [/lib/x86_64-linux-gnu]
  collapse library dir [/lib/../lib] ==> [/lib]
  collapse library dir [/usr/lib/x86_64-linux-gnu] ==> [/usr/lib/x86_64-linux-gnu]
  collapse library dir [/usr/lib/../lib] ==> [/usr/lib]
  collapse library dir [/usr/lib/gcc/x86_64-linux-gnu/13/../../..] ==> [/usr/lib]
  implicit libs: [gcc;gcc_s;c;gcc;gcc_s]
  implicit objs: [/usr/lib/x86_64-linux-gnu/Scrt1.o;/usr/lib/x86_64-linux-gnu/crti.o;/usr/lib/gcc/x86_64-linux-gnu/13/crtbeginS.o;/usr/lib/gcc/x86_64-linux-gnu/13/crtendS.o;/usr/lib/x86_64-linux-gnu/crtn.o]
  implicit dirs: [/usr/lib/gcc/x86_64-linux-gnu/13;/usr/lib/x86_64-linux-gnu;/usr/lib;/lib/x86_64-linux-gnu;/lib]
  implicit fwks: []


Determining if the include file sys/auxv.h exists passed with the following output:
Change Dir: /home/fgwsz/Gitpro/CTF/Tools/AWD-PuTTy/putty-linux/putty-0.84/CMakeFiles/CMakeTmp

Run Build Command(s):/usr/bin/gmake -f Makefile cmTC_ed0ff/fast && /usr/bin/gmake  -f CMakeFiles/cmTC_ed0ff.dir/build.make CMakeFiles/cmTC_ed0ff.dir/build
gmake[1]: Entering directory '/home/fgwsz/Gitpro/CTF/Tools/AWD-PuTTy/putty-linux/putty-0.84/CMakeFiles/CMakeTmp'
Building C object CMakeFiles/cmTC_ed0ff.dir/CheckIncludeFile.c.o
/usr/bin/cc -D_DEFAULT_SOURCE -D_GNU_SOURCE  -std=gnu99 -o CMakeFiles/cmTC_ed0ff.dir/CheckIncludeFile.c.o -c /home/fgwsz/Gitpro/CTF/Tools/AWD-PuTTy/putty-linux/putty-0.84/CMakeFiles/CMakeTmp/CheckIncludeFile.c
Linking C executable cmTC_ed0ff
/usr/bin/cmake -E cmake_link_script CMakeFiles/cmTC_ed0ff.dir/link.txt --verbose=1
/usr/bin/cc CMakeFiles/cmTC_ed0ff.dir/CheckIncludeFile.c.o -o cmTC_ed0ff 
gmake[1]: Leaving directory '/home/fgwsz/Gitpro/CTF/Tools/AWD-PuTTy/putty-linux/putty-0.84/CMakeFiles/CMakeTmp'



Determining if the include file sys/types.h exists passed with the following output:
Change Dir: /home/fgwsz/Gitpro/CTF/Tools/AWD-PuTTy/putty-linux/putty-0.84/CMakeFiles/CMakeTmp

Run Build Command(s):/usr/bin/gmake -f Makefile cmTC_793d2/fast && /usr/bin/gmake  -f CMakeFiles/cmTC_793d2.dir/build.make CMakeFiles/cmTC_793d2.dir/build
gmake[1]: Entering directory '/home/fgwsz/Gitpro/CTF/Tools/AWD-PuTTy/putty-linux/putty-0.84/CMakeFiles/CMakeTmp'
Building C object CMakeFiles/cmTC_793d2.dir/CheckIncludeFile.c.o
/usr/bin/cc -D_DEFAULT_SOURCE -D_GNU_SOURCE  -std=gnu99 -o CMakeFiles/cmTC_793d2.dir/CheckIncludeFile.c.o -c /home/fgwsz/Gitpro/CTF/Tools/AWD-PuTTy/putty-linux/putty-0.84/CMakeFiles/CMakeTmp/CheckIncludeFile.c
Linking C executable cmTC_793d2
/usr/bin/cmake -E cmake_link_script CMakeFiles/cmTC_793d2.dir/link.txt --verbose=1
/usr/bin/cc CMakeFiles/cmTC_793d2.dir/CheckIncludeFile.c.o -o cmTC_793d2 
gmake[1]: Leaving directory '/home/fgwsz/Gitpro/CTF/Tools/AWD-PuTTy/putty-linux/putty-0.84/CMakeFiles/CMakeTmp'



Determining if the include file glob.h exists passed with the following output:
Change Dir: /home/fgwsz/Gitpro/CTF/Tools/AWD-PuTTy/putty-linux/putty-0.84/CMakeFiles/CMakeTmp

Run Build Command(s):/usr/bin/gmake -f Makefile cmTC_bbfe7/fast && /usr/bin/gmake  -f CMakeFiles/cmTC_bbfe7.dir/build.make CMakeFiles/cmTC_bbfe7.dir/build
gmake[1]: Entering directory '/home/fgwsz/Gitpro/CTF/Tools/AWD-PuTTy/putty-linux/putty-0.84/CMakeFiles/CMakeTmp'
Building C object CMakeFiles/cmTC_bbfe7.dir/CheckIncludeFile.c.o
/usr/bin/cc -D_DEFAULT_SOURCE -D_GNU_SOURCE  -std=gnu99 -o CMakeFiles/cmTC_bbfe7.dir/CheckIncludeFile.c.o -c /home/fgwsz/Gitpro/CTF/Tools/AWD-PuTTy/putty-linux/putty-0.84/CMakeFiles/CMakeTmp/CheckIncludeFile.c
Linking C executable cmTC_bbfe7
/usr/bin/cmake -E cmake_link_script CMakeFiles/cmTC_bbfe7.dir/link.txt --verbose=1
/usr/bin/cc CMakeFiles/cmTC_bbfe7.dir/CheckIncludeFile.c.o -o cmTC_bbfe7 
gmake[1]: Leaving directory '/home/fgwsz/Gitpro/CTF/Tools/AWD-PuTTy/putty-linux/putty-0.84/CMakeFiles/CMakeTmp'



Determining if the include file utmp.h exists passed with the following output:
Change Dir: /home/fgwsz/Gitpro/CTF/Tools/AWD-PuTTy/putty-linux/putty-0.84/CMakeFiles/CMakeTmp

Run Build Command(s):/usr/bin/gmake -f Makefile cmTC_5db75/fast && /usr/bin/gmake  -f CMakeFiles/cmTC_5db75.dir/build.make CMakeFiles/cmTC_5db75.dir/build
gmake[1]: Entering directory '/home/fgwsz/Gitpro/CTF/Tools/AWD-PuTTy/putty-linux/putty-0.84/CMakeFiles/CMakeTmp'
Building C object CMakeFiles/cmTC_5db75.dir/CheckIncludeFile.c.o
/usr/bin/cc -D_DEFAULT_SOURCE -D_GNU_SOURCE  -std=gnu99 -o CMakeFiles/cmTC_5db75.dir/CheckIncludeFile.c.o -c /home/fgwsz/Gitpro/CTF/Tools/AWD-PuTTy/putty-linux/putty-0.84/CMakeFiles/CMakeTmp/CheckIncludeFile.c
Linking C executable cmTC_5db75
/usr/bin/cmake -E cmake_link_script CMakeFiles/cmTC_5db75.dir/link.txt --verbose=1
/usr/bin/cc CMakeFiles/cmTC_5db75.dir/CheckIncludeFile.c.o -o cmTC_5db75 
gmake[1]: Leaving directory '/home/fgwsz/Gitpro/CTF/Tools/AWD-PuTTy/putty-linux/putty-0.84/CMakeFiles/CMakeTmp'



Determining if the include file utmpx.h exists passed with the following output:
Change Dir: /home/fgwsz/Gitpro/CTF/Tools/AWD-PuTTy/putty-linux/putty-0.84/CMakeFiles/CMakeTmp

Run Build Command(s):/usr/bin/gmake -f Makefile cmTC_73573/fast && /usr/bin/gmake  -f CMakeFiles/cmTC_73573.dir/build.make CMakeFiles/cmTC_73573.dir/build
gmake[1]: Entering directory '/home/fgwsz/Gitpro/CTF/Tools/AWD-PuTTy/putty-linux/putty-0.84/CMakeFiles/CMakeTmp'
Building C object CMakeFiles/cmTC_73573.dir/CheckIncludeFile.c.o
/usr/bin/cc -D_DEFAULT_SOURCE -D_GNU_SOURCE  -std=gnu99 -o CMakeFiles/cmTC_73573.dir/CheckIncludeFile.c.o -c /home/fgwsz/Gitpro/CTF/Tools/AWD-PuTTy/putty-linux/putty-0.84/CMakeFiles/CMakeTmp/CheckIncludeFile.c
Linking C executable cmTC_73573
/usr/bin/cmake -E cmake_link_script CMakeFiles/cmTC_73573.dir/link.txt --verbose=1
/usr/bin/cc CMakeFiles/cmTC_73573.dir/CheckIncludeFile.c.o -o cmTC_73573 
gmake[1]: Leaving directory '/home/fgwsz/Gitpro/CTF/Tools/AWD-PuTTy/putty-linux/putty-0.84/CMakeFiles/CMakeTmp'



Determining if the futimes exist passed with the following output:
Change Dir: /home/fgwsz/Gitpro/CTF/Tools/AWD-PuTTy/putty-linux/putty-0.84/CMakeFiles/CMakeTmp

Run Build Command(s):/usr/bin/gmake -f Makefile cmTC_f03f5/fast && /usr/bin/gmake  -f CMakeFiles/cmTC_f03f5.dir/build.make CMakeFiles/cmTC_f03f5.dir/build
gmake[1]: Entering directory '/home/fgwsz/Gitpro/CTF/Tools/AWD-PuTTy/putty-linux/putty-0.84/CMakeFiles/CMakeTmp'
Building C object CMakeFiles/cmTC_f03f5.dir/CheckSymbolExists.c.o
/usr/bin/cc -D_DEFAULT_SOURCE -D_GNU_SOURCE  -std=gnu99 -o CMakeFiles/cmTC_f03f5.dir/CheckSymbolExists.c.o -c /home/fgwsz/Gitpro/CTF/Tools/AWD-PuTTy/putty-linux/putty-0.84/CMakeFiles/CMakeTmp/CheckSymbolExists.c
Linking C executable cmTC_f03f5
/usr/bin/cmake -E cmake_link_script CMakeFiles/cmTC_f03f5.dir/link.txt --verbose=1
/usr/bin/cc CMakeFiles/cmTC_f03f5.dir/CheckSymbolExists.c.o -o cmTC_f03f5 
gmake[1]: Leaving directory '/home/fgwsz/Gitpro/CTF/Tools/AWD-PuTTy/putty-linux/putty-0.84/CMakeFiles/CMakeTmp'


File /home/fgwsz/Gitpro/CTF/Tools/AWD-PuTTy/putty-linux/putty-0.84/CMakeFiles/CMakeTmp/CheckSymbolExists.c:
/* */
#include <sys/time.h>

int main(int argc, char** argv)
{
  (void)argv;
#ifndef futimes
  return ((int*)(&futimes))[argc];
#else
  (void)argc;
  return 0;
#endif
}
Determining if the getaddrinfo exist passed with the following output:
Change Dir: /home/fgwsz/Gitpro/CTF/Tools/AWD-PuTTy/putty-linux/putty-0.84/CMakeFiles/CMakeTmp

Run Build Command(s):/usr/bin/gmake -f Makefile cmTC_6754b/fast && /usr/bin/gmake  -f CMakeFiles/cmTC_6754b.dir/build.make CMakeFiles/cmTC_6754b.dir/build
gmake[1]: Entering directory '/home/fgwsz/Gitpro/CTF/Tools/AWD-PuTTy/putty-linux/putty-0.84/CMakeFiles/CMakeTmp'
Building C object CMakeFiles/cmTC_6754b.dir/CheckSymbolExists.c.o
/usr/bin/cc -D_DEFAULT_SOURCE -D_GNU_SOURCE  -std=gnu99 -o CMakeFiles/cmTC_6754b.dir/CheckSymbolExists.c.o -c /home/fgwsz/Gitpro/CTF/Tools/AWD-PuTTy/putty-linux/putty-0.84/CMakeFiles/CMakeTmp/CheckSymbolExists.c
Linking C executable cmTC_6754b
/usr/bin/cmake -E cmake_link_script CMakeFiles/cmTC_6754b.dir/link.txt --verbose=1
/usr/bin/cc CMakeFiles/cmTC_6754b.dir/CheckSymbolExists.c.o -o cmTC_6754b 
gmake[1]: Leaving directory '/home/fgwsz/Gitpro/CTF/Tools/AWD-PuTTy/putty-linux/putty-0.84/CMakeFiles/CMakeTmp'


File /home/fgwsz/Gitpro/CTF/Tools/AWD-PuTTy/putty-linux/putty-0.84/CMakeFiles/CMakeTmp/CheckSymbolExists.c:
/* */
#include <sys/types.h>
#include <sys/socket.h>
#include <netdb.h>

int main(int argc, char** argv)
{
  (void)argv;
#ifndef getaddrinfo
  return ((int*)(&getaddrinfo))[argc];
#else
  (void)argc;
  return 0;
#endif
}
Determining if the posix_openpt exist passed with the following output:
Change Dir: /home/fgwsz/Gitpro/CTF/Tools/AWD-PuTTy/putty-linux/putty-0.84/CMakeFiles/CMakeTmp

Run Build Command(s):/usr/bin/gmake -f Makefile cmTC_158f1/fast && /usr/bin/gmake  -f CMakeFiles/cmTC_158f1.dir/build.make CMakeFiles/cmTC_158f1.dir/build
gmake[1]: Entering directory '/home/fgwsz/Gitpro/CTF/Tools/AWD-PuTTy/putty-linux/putty-0.84/CMakeFiles/CMakeTmp'
Building C object CMakeFiles/cmTC_158f1.dir/CheckSymbolExists.c.o
/usr/bin/cc -D_DEFAULT_SOURCE -D_GNU_SOURCE  -std=gnu99 -o CMakeFiles/cmTC_158f1.dir/CheckSymbolExists.c.o -c /home/fgwsz/Gitpro/CTF/Tools/AWD-PuTTy/putty-linux/putty-0.84/CMakeFiles/CMakeTmp/CheckSymbolExists.c
Linking C executable cmTC_158f1
/usr/bin/cmake -E cmake_link_script CMakeFiles/cmTC_158f1.dir/link.txt --verbose=1
/usr/bin/cc CMakeFiles/cmTC_158f1.dir/CheckSymbolExists.c.o -o cmTC_158f1 
gmake[1]: Leaving directory '/home/fgwsz/Gitpro/CTF/Tools/AWD-PuTTy/putty-linux/putty-0.84/CMakeFiles/CMakeTmp'


File /home/fgwsz/Gitpro/CTF/Tools/AWD-PuTTy/putty-linux/putty-0.84/CMakeFiles/CMakeTmp/CheckSymbolExists.c:
/* */
#include <stdlib.h>
#include <fcntl.h>

int main(int argc, char** argv)
{
  (void)argv;
#ifndef posix_openpt
  return ((int*)(&posix_openpt))[argc];
#else
  (void)argc;
  return 0;
#endif
}
Determining if the ptsname exist passed with the following output:
Change Dir: /home/fgwsz/Gitpro/CTF/Tools/AWD-PuTTy/putty-linux/putty-0.84/CMakeFiles/CMakeTmp

Run Build Command(s):/usr/bin/gmake -f Makefile cmTC_af7b1/fast && /usr/bin/gmake  -f CMakeFiles/cmTC_af7b1.dir/build.make CMakeFiles/cmTC_af7b1.dir/build
gmake[1]: Entering directory '/home/fgwsz/Gitpro/CTF/Tools/AWD-PuTTy/putty-linux/putty-0.84/CMakeFiles/CMakeTmp'
Building C object CMakeFiles/cmTC_af7b1.dir/CheckSymbolExists.c.o
/usr/bin/cc -D_DEFAULT_SOURCE -D_GNU_SOURCE  -std=gnu99 -o CMakeFiles/cmTC_af7b1.dir/CheckSymbolExists.c.o -c /home/fgwsz/Gitpro/CTF/Tools/AWD-PuTTy/putty-linux/putty-0.84/CMakeFiles/CMakeTmp/CheckSymbolExists.c
Linking C executable cmTC_af7b1
/usr/bin/cmake -E cmake_link_script CMakeFiles/cmTC_af7b1.dir/link.txt --verbose=1
/usr/bin/cc CMakeFiles/cmTC_af7b1.dir/CheckSymbolExists.c.o -o cmTC_af7b1 
gmake[1]: Leaving directory '/home/fgwsz/Gitpro/CTF/Tools/AWD-PuTTy/putty-linux/putty-0.84/CMakeFiles/CMakeTmp'


File /home/fgwsz/Gitpro/CTF/Tools/AWD-PuTTy/putty-linux/putty-0.84/CMakeFiles/CMakeTmp/CheckSymbolExists.c:
/* */
#include <stdlib.h>

int main(int argc, char** argv)
{
  (void)argv;
#ifndef ptsname
  return ((int*)(&ptsname))[argc];
#else
  (void)argc;
  return 0;
#endif
}
Determining if the setresuid exist passed with the following output:
Change Dir: /home/fgwsz/Gitpro/CTF/Tools/AWD-PuTTy/putty-linux/putty-0.84/CMakeFiles/CMakeTmp

Run Build Command(s):/usr/bin/gmake -f Makefile cmTC_d73d6/fast && /usr/bin/gmake  -f CMakeFiles/cmTC_d73d6.dir/build.make CMakeFiles/cmTC_d73d6.dir/build
gmake[1]: Entering directory '/home/fgwsz/Gitpro/CTF/Tools/AWD-PuTTy/putty-linux/putty-0.84/CMakeFiles/CMakeTmp'
Building C object CMakeFiles/cmTC_d73d6.dir/CheckSymbolExists.c.o
/usr/bin/cc -D_DEFAULT_SOURCE -D_GNU_SOURCE  -std=gnu99 -o CMakeFiles/cmTC_d73d6.dir/CheckSymbolExists.c.o -c /home/fgwsz/Gitpro/CTF/Tools/AWD-PuTTy/putty-linux/putty-0.84/CMakeFiles/CMakeTmp/CheckSymbolExists.c
Linking C executable cmTC_d73d6
/usr/bin/cmake -E cmake_link_script CMakeFiles/cmTC_d73d6.dir/link.txt --verbose=1
/usr/bin/cc CMakeFiles/cmTC_d73d6.dir/CheckSymbolExists.c.o -o cmTC_d73d6 
gmake[1]: Leaving directory '/home/fgwsz/Gitpro/CTF/Tools/AWD-PuTTy/putty-linux/putty-0.84/CMakeFiles/CMakeTmp'


File /home/fgwsz/Gitpro/CTF/Tools/AWD-PuTTy/putty-linux/putty-0.84/CMakeFiles/CMakeTmp/CheckSymbolExists.c:
/* */
#include <unistd.h>

int main(int argc, char** argv)
{
  (void)argv;
#ifndef setresuid
  return ((int*)(&setresuid))[argc];
#else
  (void)argc;
  return 0;
#endif
}
Determining if the setresgid exist passed with the following output:
Change Dir: /home/fgwsz/Gitpro/CTF/Tools/AWD-PuTTy/putty-linux/putty-0.84/CMakeFiles/CMakeTmp

Run Build Command(s):/usr/bin/gmake -f Makefile cmTC_0b859/fast && /usr/bin/gmake  -f CMakeFiles/cmTC_0b859.dir/build.make CMakeFiles/cmTC_0b859.dir/build
gmake[1]: Entering directory '/home/fgwsz/Gitpro/CTF/Tools/AWD-PuTTy/putty-linux/putty-0.84/CMakeFiles/CMakeTmp'
Building C object CMakeFiles/cmTC_0b859.dir/CheckSymbolExists.c.o
/usr/bin/cc -D_DEFAULT_SOURCE -D_GNU_SOURCE  -std=gnu99 -o CMakeFiles/cmTC_0b859.dir/CheckSymbolExists.c.o -c /home/fgwsz/Gitpro/CTF/Tools/AWD-PuTTy/putty-linux/putty-0.84/CMakeFiles/CMakeTmp/CheckSymbolExists.c
Linking C executable cmTC_0b859
/usr/bin/cmake -E cmake_link_script CMakeFiles/cmTC_0b859.dir/link.txt --verbose=1
/usr/bin/cc CMakeFiles/cmTC_0b859.dir/CheckSymbolExists.c.o -o cmTC_0b859 
gmake[1]: Leaving directory '/home/fgwsz/Gitpro/CTF/Tools/AWD-PuTTy/putty-linux/putty-0.84/CMakeFiles/CMakeTmp'


File /home/fgwsz/Gitpro/CTF/Tools/AWD-PuTTy/putty-linux/putty-0.84/CMakeFiles/CMakeTmp/CheckSymbolExists.c:
/* */
#include <unistd.h>

int main(int argc, char** argv)
{
  (void)argv;
#ifndef setresgid
  return ((int*)(&setresgid))[argc];
#else
  (void)argc;
  return 0;
#endif
}
Determining if the strsignal exist passed with the following output:
Change Dir: /home/fgwsz/Gitpro/CTF/Tools/AWD-PuTTy/putty-linux/putty-0.84/CMakeFiles/CMakeTmp

Run Build Command(s):/usr/bin/gmake -f Makefile cmTC_2fd9b/fast && /usr/bin/gmake  -f CMakeFiles/cmTC_2fd9b.dir/build.make CMakeFiles/cmTC_2fd9b.dir/build
gmake[1]: Entering directory '/home/fgwsz/Gitpro/CTF/Tools/AWD-PuTTy/putty-linux/putty-0.84/CMakeFiles/CMakeTmp'
Building C object CMakeFiles/cmTC_2fd9b.dir/CheckSymbolExists.c.o
/usr/bin/cc -D_DEFAULT_SOURCE -D_GNU_SOURCE  -std=gnu99 -o CMakeFiles/cmTC_2fd9b.dir/CheckSymbolExists.c.o -c /home/fgwsz/Gitpro/CTF/Tools/AWD-PuTTy/putty-linux/putty-0.84/CMakeFiles/CMakeTmp/CheckSymbolExists.c
Linking C executable cmTC_2fd9b
/usr/bin/cmake -E cmake_link_script CMakeFiles/cmTC_2fd9b.dir/link.txt --verbose=1
/usr/bin/cc CMakeFiles/cmTC_2fd9b.dir/CheckSymbolExists.c.o -o cmTC_2fd9b 
gmake[1]: Leaving directory '/home/fgwsz/Gitpro/CTF/Tools/AWD-PuTTy/putty-linux/putty-0.84/CMakeFiles/CMakeTmp'


File /home/fgwsz/Gitpro/CTF/Tools/AWD-PuTTy/putty-linux/putty-0.84/CMakeFiles/CMakeTmp/CheckSymbolExists.c:
/* */
#include <string.h>

int main(int argc, char** argv)
{
  (void)argv;
#ifndef strsignal
  return ((int*)(&strsignal))[argc];
#else
  (void)argc;
  return 0;
#endif
}
Determining if the updwtmpx exist passed with the following output:
Change Dir: /home/fgwsz/Gitpro/CTF/Tools/AWD-PuTTy/putty-linux/putty-0.84/CMakeFiles/CMakeTmp

Run Build Command(s):/usr/bin/gmake -f Makefile cmTC_1b475/fast && /usr/bin/gmake  -f CMakeFiles/cmTC_1b475.dir/build.make CMakeFiles/cmTC_1b475.dir/build
gmake[1]: Entering directory '/home/fgwsz/Gitpro/CTF/Tools/AWD-PuTTy/putty-linux/putty-0.84/CMakeFiles/CMakeTmp'
Building C object CMakeFiles/cmTC_1b475.dir/CheckSymbolExists.c.o
/usr/bin/cc -D_DEFAULT_SOURCE -D_GNU_SOURCE  -std=gnu99 -o CMakeFiles/cmTC_1b475.dir/CheckSymbolExists.c.o -c /home/fgwsz/Gitpro/CTF/Tools/AWD-PuTTy/putty-linux/putty-0.84/CMakeFiles/CMakeTmp/CheckSymbolExists.c
Linking C executable cmTC_1b475
/usr/bin/cmake -E cmake_link_script CMakeFiles/cmTC_1b475.dir/link.txt --verbose=1
/usr/bin/cc CMakeFiles/cmTC_1b475.dir/CheckSymbolExists.c.o -o cmTC_1b475 
gmake[1]: Leaving directory '/home/fgwsz/Gitpro/CTF/Tools/AWD-PuTTy/putty-linux/putty-0.84/CMakeFiles/CMakeTmp'


File /home/fgwsz/Gitpro/CTF/Tools/AWD-PuTTy/putty-linux/putty-0.84/CMakeFiles/CMakeTmp/CheckSymbolExists.c:
/* */
#include <utmpx.h>

int main(int argc, char** argv)
{
  (void)argv;
#ifndef updwtmpx
  return ((int*)(&updwtmpx))[argc];
#else
  (void)argc;
  return 0;
#endif
}
Determining if the fstatat exist passed with the following output:
Change Dir: /home/fgwsz/Gitpro/CTF/Tools/AWD-PuTTy/putty-linux/putty-0.84/CMakeFiles/CMakeTmp

Run Build Command(s):/usr/bin/gmake -f Makefile cmTC_bfd97/fast && /usr/bin/gmake  -f CMakeFiles/cmTC_bfd97.dir/build.make CMakeFiles/cmTC_bfd97.dir/build
gmake[1]: Entering directory '/home/fgwsz/Gitpro/CTF/Tools/AWD-PuTTy/putty-linux/putty-0.84/CMakeFiles/CMakeTmp'
Building C object CMakeFiles/cmTC_bfd97.dir/CheckSymbolExists.c.o
/usr/bin/cc -D_DEFAULT_SOURCE -D_GNU_SOURCE  -std=gnu99 -o CMakeFiles/cmTC_bfd97.dir/CheckSymbolExists.c.o -c /home/fgwsz/Gitpro/CTF/Tools/AWD-PuTTy/putty-linux/putty-0.84/CMakeFiles/CMakeTmp/CheckSymbolExists.c
Linking C executable cmTC_bfd97
/usr/bin/cmake -E cmake_link_script CMakeFiles/cmTC_bfd97.dir/link.txt --verbose=1
/usr/bin/cc CMakeFiles/cmTC_bfd97.dir/CheckSymbolExists.c.o -o cmTC_bfd97 
gmake[1]: Leaving directory '/home/fgwsz/Gitpro/CTF/Tools/AWD-PuTTy/putty-linux/putty-0.84/CMakeFiles/CMakeTmp'


File /home/fgwsz/Gitpro/CTF/Tools/AWD-PuTTy/putty-linux/putty-0.84/CMakeFiles/CMakeTmp/CheckSymbolExists.c:
/* */
#include <sys/types.h>
#include <sys/stat.h>
#include <unistd.h>

int main(int argc, char** argv)
{
  (void)argv;
#ifndef fstatat
  return ((int*)(&fstatat))[argc];
#else
  (void)argc;
  return 0;
#endif
}
Determining if the dirfd exist passed with the following output:
Change Dir: /home/fgwsz/Gitpro/CTF/Tools/AWD-PuTTy/putty-linux/putty-0.84/CMakeFiles/CMakeTmp

Run Build Command(s):/usr/bin/gmake -f Makefile cmTC_fc2ea/fast && /usr/bin/gmake  -f CMakeFiles/cmTC_fc2ea.dir/build.make CMakeFiles/cmTC_fc2ea.dir/build
gmake[1]: Entering directory '/home/fgwsz/Gitpro/CTF/Tools/AWD-PuTTy/putty-linux/putty-0.84/CMakeFiles/CMakeTmp'
Building C object CMakeFiles/cmTC_fc2ea.dir/CheckSymbolExists.c.o
/usr/bin/cc -D_DEFAULT_SOURCE -D_GNU_SOURCE  -std=gnu99 -o CMakeFiles/cmTC_fc2ea.dir/CheckSymbolExists.c.o -c /home/fgwsz/Gitpro/CTF/Tools/AWD-PuTTy/putty-linux/putty-0.84/CMakeFiles/CMakeTmp/CheckSymbolExists.c
Linking C executable cmTC_fc2ea
/usr/bin/cmake -E cmake_link_script CMakeFiles/cmTC_fc2ea.dir/link.txt --verbose=1
/usr/bin/cc CMakeFiles/cmTC_fc2ea.dir/CheckSymbolExists.c.o -o cmTC_fc2ea 
gmake[1]: Leaving directory '/home/fgwsz/Gitpro/CTF/Tools/AWD-PuTTy/putty-linux/putty-0.84/CMakeFiles/CMakeTmp'


File /home/fgwsz/Gitpro/CTF/Tools/AWD-PuTTy/putty-linux/putty-0.84/CMakeFiles/CMakeTmp/CheckSymbolExists.c:
/* */
#include <sys/types.h>
#include <dirent.h>

int main(int argc, char** argv)
{
  (void)argv;
#ifndef dirfd
  return ((int*)(&dirfd))[argc];
#else
  (void)argc;
  return 0;
#endif
}
Determining if the setpwent exist passed with the following output:
Change Dir: /home/fgwsz/Gitpro/CTF/Tools/AWD-PuTTy/putty-linux/putty-0.84/CMakeFiles/CMakeTmp

Run Build Command(s):/usr/bin/gmake -f Makefile cmTC_5f889/fast && /usr/bin/gmake  -f CMakeFiles/cmTC_5f889.dir/build.make CMakeFiles/cmTC_5f889.dir/build
gmake[1]: Entering directory '/home/fgwsz/Gitpro/CTF/Tools/AWD-PuTTy/putty-linux/putty-0.84/CMakeFiles/CMakeTmp'
Building C object CMakeFiles/cmTC_5f889.dir/CheckSymbolExists.c.o
/usr/bin/cc -D_DEFAULT_SOURCE -D_GNU_SOURCE  -std=gnu99 -o CMakeFiles/cmTC_5f889.dir/CheckSymbolExists.c.o -c /home/fgwsz/Gitpro/CTF/Tools/AWD-PuTTy/putty-linux/putty-0.84/CMakeFiles/CMakeTmp/CheckSymbolExists.c
Linking C executable cmTC_5f889
/usr/bin/cmake -E cmake_link_script CMakeFiles/cmTC_5f889.dir/link.txt --verbose=1
/usr/bin/cc CMakeFiles/cmTC_5f889.dir/CheckSymbolExists.c.o -o cmTC_5f889 
gmake[1]: Leaving directory '/home/fgwsz/Gitpro/CTF/Tools/AWD-PuTTy/putty-linux/putty-0.84/CMakeFiles/CMakeTmp'


File /home/fgwsz/Gitpro/CTF/Tools/AWD-PuTTy/putty-linux/putty-0.84/CMakeFiles/CMakeTmp/CheckSymbolExists.c:
/* */
#include <sys/types.h>
#include <pwd.h>

int main(int argc, char** argv)
{
  (void)argv;
#ifndef setpwent
  return ((int*)(&setpwent))[argc];
#else
  (void)argc;
  return 0;
#endif
}
Determining if the endpwent exist passed with the following output:
Change Dir: /home/fgwsz/Gitpro/CTF/Tools/AWD-PuTTy/putty-linux/putty-0.84/CMakeFiles/CMakeTmp

Run Build Command(s):/usr/bin/gmake -f Makefile cmTC_8b963/fast && /usr/bin/gmake  -f CMakeFiles/cmTC_8b963.dir/build.make CMakeFiles/cmTC_8b963.dir/build
gmake[1]: Entering directory '/home/fgwsz/Gitpro/CTF/Tools/AWD-PuTTy/putty-linux/putty-0.84/CMakeFiles/CMakeTmp'
Building C object CMakeFiles/cmTC_8b963.dir/CheckSymbolExists.c.o
/usr/bin/cc -D_DEFAULT_SOURCE -D_GNU_SOURCE  -std=gnu99 -o CMakeFiles/cmTC_8b963.dir/CheckSymbolExists.c.o -c /home/fgwsz/Gitpro/CTF/Tools/AWD-PuTTy/putty-linux/putty-0.84/CMakeFiles/CMakeTmp/CheckSymbolExists.c
Linking C executable cmTC_8b963
/usr/bin/cmake -E cmake_link_script CMakeFiles/cmTC_8b963.dir/link.txt --verbose=1
/usr/bin/cc CMakeFiles/cmTC_8b963.dir/CheckSymbolExists.c.o -o cmTC_8b963 
gmake[1]: Leaving directory '/home/fgwsz/Gitpro/CTF/Tools/AWD-PuTTy/putty-linux/putty-0.84/CMakeFiles/CMakeTmp'


File /home/fgwsz/Gitpro/CTF/Tools/AWD-PuTTy/putty-linux/putty-0.84/CMakeFiles/CMakeTmp/CheckSymbolExists.c:
/* */
#include <sys/types.h>
#include <pwd.h>

int main(int argc, char** argv)
{
  (void)argv;
#ifndef endpwent
  return ((int*)(&endpwent))[argc];
#else
  (void)argc;
  return 0;
#endif
}
Determining if the getauxval exist passed with the following output:
Change Dir: /home/fgwsz/Gitpro/CTF/Tools/AWD-PuTTy/putty-linux/putty-0.84/CMakeFiles/CMakeTmp

Run Build Command(s):/usr/bin/gmake -f Makefile cmTC_5467c/fast && /usr/bin/gmake  -f CMakeFiles/cmTC_5467c.dir/build.make CMakeFiles/cmTC_5467c.dir/build
gmake[1]: Entering directory '/home/fgwsz/Gitpro/CTF/Tools/AWD-PuTTy/putty-linux/putty-0.84/CMakeFiles/CMakeTmp'
Building C object CMakeFiles/cmTC_5467c.dir/CheckSymbolExists.c.o
/usr/bin/cc -D_DEFAULT_SOURCE -D_GNU_SOURCE  -std=gnu99 -o CMakeFiles/cmTC_5467c.dir/CheckSymbolExists.c.o -c /home/fgwsz/Gitpro/CTF/Tools/AWD-PuTTy/putty-linux/putty-0.84/CMakeFiles/CMakeTmp/CheckSymbolExists.c
Linking C executable cmTC_5467c
/usr/bin/cmake -E cmake_link_script CMakeFiles/cmTC_5467c.dir/link.txt --verbose=1
/usr/bin/cc CMakeFiles/cmTC_5467c.dir/CheckSymbolExists.c.o -o cmTC_5467c 
gmake[1]: Leaving directory '/home/fgwsz/Gitpro/CTF/Tools/AWD-PuTTy/putty-linux/putty-0.84/CMakeFiles/CMakeTmp'


File /home/fgwsz/Gitpro/CTF/Tools/AWD-PuTTy/putty-linux/putty-0.84/CMakeFiles/CMakeTmp/CheckSymbolExists.c:
/* */
#include <sys/auxv.h>

int main(int argc, char** argv)
{
  (void)argv;
#ifndef getauxval
  return ((int*)(&getauxval))[argc];
#else
  (void)argc;
  return 0;
#endif
}
Determining if the CLOCK_MONOTONIC exist passed with the following output:
Change Dir: /home/fgwsz/Gitpro/CTF/Tools/AWD-PuTTy/putty-linux/putty-0.84/CMakeFiles/CMakeTmp

Run Build Command(s):/usr/bin/gmake -f Makefile cmTC_4ffc2/fast && /usr/bin/gmake  -f CMakeFiles/cmTC_4ffc2.dir/build.make CMakeFiles/cmTC_4ffc2.dir/build
gmake[1]: Entering directory '/home/fgwsz/Gitpro/CTF/Tools/AWD-PuTTy/putty-linux/putty-0.84/CMakeFiles/CMakeTmp'
Building C object CMakeFiles/cmTC_4ffc2.dir/CheckSymbolExists.c.o
/usr/bin/cc -D_DEFAULT_SOURCE -D_GNU_SOURCE  -std=gnu99 -o CMakeFiles/cmTC_4ffc2.dir/CheckSymbolExists.c.o -c /home/fgwsz/Gitpro/CTF/Tools/AWD-PuTTy/putty-linux/putty-0.84/CMakeFiles/CMakeTmp/CheckSymbolExists.c
Linking C executable cmTC_4ffc2
/usr/bin/cmake -E cmake_link_script CMakeFiles/cmTC_4ffc2.dir/link.txt --verbose=1
/usr/bin/cc CMakeFiles/cmTC_4ffc2.dir/CheckSymbolExists.c.o -o cmTC_4ffc2 
gmake[1]: Leaving directory '/home/fgwsz/Gitpro/CTF/Tools/AWD-PuTTy/putty-linux/putty-0.84/CMakeFiles/CMakeTmp'


File /home/fgwsz/Gitpro/CTF/Tools/AWD-PuTTy/putty-linux/putty-0.84/CMakeFiles/CMakeTmp/CheckSymbolExists.c:
/* */
#include <time.h>

int main(int argc, char** argv)
{
  (void)argv;
#ifndef CLOCK_MONOTONIC
  return ((int*)(&CLOCK_MONOTONIC))[argc];
#else
  (void)argc;
  return 0;
#endif
}
Determining if the clock_gettime exist passed with the following output:
Change Dir: /home/fgwsz/Gitpro/CTF/Tools/AWD-PuTTy/putty-linux/putty-0.84/CMakeFiles/CMakeTmp

Run Build Command(s):/usr/bin/gmake -f Makefile cmTC_c6340/fast && /usr/bin/gmake  -f CMakeFiles/cmTC_c6340.dir/build.make CMakeFiles/cmTC_c6340.dir/build
gmake[1]: Entering directory '/home/fgwsz/Gitpro/CTF/Tools/AWD-PuTTy/putty-linux/putty-0.84/CMakeFiles/CMakeTmp'
Building C object CMakeFiles/cmTC_c6340.dir/CheckSymbolExists.c.o
/usr/bin/cc -D_DEFAULT_SOURCE -D_GNU_SOURCE  -std=gnu99 -o CMakeFiles/cmTC_c6340.dir/CheckSymbolExists.c.o -c /home/fgwsz/Gitpro/CTF/Tools/AWD-PuTTy/putty-linux/putty-0.84/CMakeFiles/CMakeTmp/CheckSymbolExists.c
Linking C executable cmTC_c6340
/usr/bin/cmake -E cmake_link_script CMakeFiles/cmTC_c6340.dir/link.txt --verbose=1
/usr/bin/cc CMakeFiles/cmTC_c6340.dir/CheckSymbolExists.c.o -o cmTC_c6340 
gmake[1]: Leaving directory '/home/fgwsz/Gitpro/CTF/Tools/AWD-PuTTy/putty-linux/putty-0.84/CMakeFiles/CMakeTmp'


File /home/fgwsz/Gitpro/CTF/Tools/AWD-PuTTy/putty-linux/putty-0.84/CMakeFiles/CMakeTmp/CheckSymbolExists.c:
/* */
#include <time.h>

int main(int argc, char** argv)
{
  (void)argv;
#ifndef clock_gettime
  return ((int*)(&clock_gettime))[argc];
#else
  (void)argc;
  return 0;
#endif
}
Performing C SOURCE FILE Test HAVE_SO_PEERCRED succeeded with the following output:
Change Dir: /home/fgwsz/Gitpro/CTF/Tools/AWD-PuTTy/putty-linux/putty-0.84/CMakeFiles/CMakeTmp

Run Build Command(s):/usr/bin/gmake -f Makefile cmTC_3e189/fast && /usr/bin/gmake  -f CMakeFiles/cmTC_3e189.dir/build.make CMakeFiles/cmTC_3e189.dir/build
gmake[1]: Entering directory '/home/fgwsz/Gitpro/CTF/Tools/AWD-PuTTy/putty-linux/putty-0.84/CMakeFiles/CMakeTmp'
Building C object CMakeFiles/cmTC_3e189.dir/src.c.o
/usr/bin/cc -DHAVE_SO_PEERCRED -D_DEFAULT_SOURCE -D_GNU_SOURCE  -std=gnu99 -o CMakeFiles/cmTC_3e189.dir/src.c.o -c /home/fgwsz/Gitpro/CTF/Tools/AWD-PuTTy/putty-linux/putty-0.84/CMakeFiles/CMakeTmp/src.c
/home/fgwsz/Gitpro/CTF/Tools/AWD-PuTTy/putty-linux/putty-0.84/CMakeFiles/CMakeTmp/src.c:2: warning: "_GNU_SOURCE" redefined
    2 | #define _GNU_SOURCE
      | 
<command-line>: note: this is the location of the previous definition
Linking C executable cmTC_3e189
/usr/bin/cmake -E cmake_link_script CMakeFiles/cmTC_3e189.dir/link.txt --verbose=1
/usr/bin/cc CMakeFiles/cmTC_3e189.dir/src.c.o -o cmTC_3e189 
gmake[1]: Leaving directory '/home/fgwsz/Gitpro/CTF/Tools/AWD-PuTTy/putty-linux/putty-0.84/CMakeFiles/CMakeTmp'


Source file was:

#define _GNU_SOURCE
#include <features.h>
#include <sys/socket.h>
int main(int argc, char **argv) {
    struct ucred cr;
    socklen_t crlen = sizeof(cr);
    return getsockopt(0, SOL_SOCKET, SO_PEERCRED, &cr, &crlen) +
           cr.pid + cr.uid + cr.gid;
}
Performing C SOURCE FILE Test HAVE_NULLARY_SETPGRP succeeded with the following output:
Change Dir: /home/fgwsz/Gitpro/CTF/Tools/AWD-PuTTy/putty-linux/putty-0.84/CMakeFiles/CMakeTmp

Run Build Command(s):/usr/bin/gmake -f Makefile cmTC_781c5/fast && /usr/bin/gmake  -f CMakeFiles/cmTC_781c5.dir/build.make CMakeFiles/cmTC_781c5.dir/build
gmake[1]: Entering directory '/home/fgwsz/Gitpro/CTF/Tools/AWD-PuTTy/putty-linux/putty-0.84/CMakeFiles/CMakeTmp'
Building C object CMakeFiles/cmTC_781c5.dir/src.c.o
/usr/bin/cc -DHAVE_NULLARY_SETPGRP -D_DEFAULT_SOURCE -D_GNU_SOURCE  -std=gnu99 -o CMakeFiles/cmTC_781c5.dir/src.c.o -c /home/fgwsz/Gitpro/CTF/Tools/AWD-PuTTy/putty-linux/putty-0.84/CMakeFiles/CMakeTmp/src.c
Linking C executable cmTC_781c5
/usr/bin/cmake -E cmake_link_script CMakeFiles/cmTC_781c5.dir/link.txt --verbose=1
/usr/bin/cc CMakeFiles/cmTC_781c5.dir/src.c.o -o cmTC_781c5 
gmake[1]: Leaving directory '/home/fgwsz/Gitpro/CTF/Tools/AWD-PuTTy/putty-linux/putty-0.84/CMakeFiles/CMakeTmp'


Source file was:

#include <sys/types.h>
#include <unistd.h>

int main(int argc, char **argv) {
    setpgrp();
}
Determining if the function pow exists in the m passed with the following output:
Change Dir: /home/fgwsz/Gitpro/CTF/Tools/AWD-PuTTy/putty-linux/putty-0.84/CMakeFiles/CMakeTmp

Run Build Command(s):/usr/bin/gmake -f Makefile cmTC_173a0/fast && /usr/bin/gmake  -f CMakeFiles/cmTC_173a0.dir/build.make CMakeFiles/cmTC_173a0.dir/build
gmake[1]: Entering directory '/home/fgwsz/Gitpro/CTF/Tools/AWD-PuTTy/putty-linux/putty-0.84/CMakeFiles/CMakeTmp'
Building C object CMakeFiles/cmTC_173a0.dir/CheckFunctionExists.c.o
/usr/bin/cc -D_DEFAULT_SOURCE -D_GNU_SOURCE  -DCHECK_FUNCTION_EXISTS=pow -std=gnu99 -o CMakeFiles/cmTC_173a0.dir/CheckFunctionExists.c.o -c /usr/share/cmake-3.22/Modules/CheckFunctionExists.c
<command-line>: warning: conflicting types for built-in function ‘pow’; expected ‘double(double,  double)’ [-Wbuiltin-declaration-mismatch]
/usr/share/cmake-3.22/Modules/CheckFunctionExists.c:7:3: note: in expansion of macro ‘CHECK_FUNCTION_EXISTS’
    7 |   CHECK_FUNCTION_EXISTS(void);
      |   ^~~~~~~~~~~~~~~~~~~~~
/usr/share/cmake-3.22/Modules/CheckFunctionExists.c:1:1: note: ‘pow’ is declared in header ‘<math.h>’
  +++ |+#include <math.h>
    1 | #ifdef CHECK_FUNCTION_EXISTS
Linking C executable cmTC_173a0
/usr/bin/cmake -E cmake_link_script CMakeFiles/cmTC_173a0.dir/link.txt --verbose=1
/usr/bin/cc  -DCHECK_FUNCTION_EXISTS=pow CMakeFiles/cmTC_173a0.dir/CheckFunctionExists.c.o -o cmTC_173a0  -lm 
gmake[1]: Leaving directory '/home/fgwsz/Gitpro/CTF/Tools/AWD-PuTTy/putty-linux/putty-0.84/CMakeFiles/CMakeTmp'



Determining if the function clock_gettime exists in the rt passed with the following output:
Change Dir: /home/fgwsz/Gitpro/CTF/Tools/AWD-PuTTy/putty-linux/putty-0.84/CMakeFiles/CMakeTmp

Run Build Command(s):/usr/bin/gmake -f Makefile cmTC_8e780/fast && /usr/bin/gmake  -f CMakeFiles/cmTC_8e780.dir/build.make CMakeFiles/cmTC_8e780.dir/build
gmake[1]: Entering directory '/home/fgwsz/Gitpro/CTF/Tools/AWD-PuTTy/putty-linux/putty-0.84/CMakeFiles/CMakeTmp'
Building C object CMakeFiles/cmTC_8e780.dir/CheckFunctionExists.c.o
/usr/bin/cc -D_DEFAULT_SOURCE -D_GNU_SOURCE  -DCHECK_FUNCTION_EXISTS=clock_gettime -std=gnu99 -o CMakeFiles/cmTC_8e780.dir/CheckFunctionExists.c.o -c /usr/share/cmake-3.22/Modules/CheckFunctionExists.c
Linking C executable cmTC_8e780
/usr/bin/cmake -E cmake_link_script CMakeFiles/cmTC_8e780.dir/link.txt --verbose=1
/usr/bin/cc  -DCHECK_FUNCTION_EXISTS=clock_gettime CMakeFiles/cmTC_8e780.dir/CheckFunctionExists.c.o -o cmTC_8e780  -lrt 
gmake[1]: Leaving directory '/home/fgwsz/Gitpro/CTF/Tools/AWD-PuTTy/putty-linux/putty-0.84/CMakeFiles/CMakeTmp'



Determining if the function dlopen exists in the dl passed with the following output:
Change Dir: /home/fgwsz/Gitpro/CTF/Tools/AWD-PuTTy/putty-linux/putty-0.84/CMakeFiles/CMakeTmp

Run Build Command(s):/usr/bin/gmake -f Makefile cmTC_fa1b4/fast && /usr/bin/gmake  -f CMakeFiles/cmTC_fa1b4.dir/build.make CMakeFiles/cmTC_fa1b4.dir/build
gmake[1]: Entering directory '/home/fgwsz/Gitpro/CTF/Tools/AWD-PuTTy/putty-linux/putty-0.84/CMakeFiles/CMakeTmp'
Building C object CMakeFiles/cmTC_fa1b4.dir/CheckFunctionExists.c.o
/usr/bin/cc -D_DEFAULT_SOURCE -D_GNU_SOURCE  -DCHECK_FUNCTION_EXISTS=dlopen -std=gnu99 -o CMakeFiles/cmTC_fa1b4.dir/CheckFunctionExists.c.o -c /usr/share/cmake-3.22/Modules/CheckFunctionExists.c
Linking C executable cmTC_fa1b4
/usr/bin/cmake -E cmake_link_script CMakeFiles/cmTC_fa1b4.dir/link.txt --verbose=1
/usr/bin/cc  -DCHECK_FUNCTION_EXISTS=dlopen CMakeFiles/cmTC_fa1b4.dir/CheckFunctionExists.c.o -o cmTC_fa1b4  -ldl 
gmake[1]: Leaving directory '/home/fgwsz/Gitpro/CTF/Tools/AWD-PuTTy/putty-linux/putty-0.84/CMakeFiles/CMakeTmp'



Performing C SOURCE FILE Test HAVE_ALIGNED_ALLOC succeeded with the following output:
Change Dir: /home/fgwsz/Gitpro/CTF/Tools/AWD-PuTTy/putty-linux/putty-0.84/CMakeFiles/CMakeTmp

Run Build Command(s):/usr/bin/gmake -f Makefile cmTC_b6abe/fast && /usr/bin/gmake  -f CMakeFiles/cmTC_b6abe.dir/build.make CMakeFiles/cmTC_b6abe.dir/build
gmake[1]: Entering directory '/home/fgwsz/Gitpro/CTF/Tools/AWD-PuTTy/putty-linux/putty-0.84/CMakeFiles/CMakeTmp'
Building C object CMakeFiles/cmTC_b6abe.dir/src.c.o
/usr/bin/cc -DHAVE_ALIGNED_ALLOC -D_DEFAULT_SOURCE -D_GNU_SOURCE  -std=gnu99 -o CMakeFiles/cmTC_b6abe.dir/src.c.o -c /home/fgwsz/Gitpro/CTF/Tools/AWD-PuTTy/putty-linux/putty-0.84/CMakeFiles/CMakeTmp/src.c
Linking C executable cmTC_b6abe
/usr/bin/cmake -E cmake_link_script CMakeFiles/cmTC_b6abe.dir/link.txt --verbose=1
/usr/bin/cc CMakeFiles/cmTC_b6abe.dir/src.c.o -o cmTC_b6abe 
gmake[1]: Leaving directory '/home/fgwsz/Gitpro/CTF/Tools/AWD-PuTTy/putty-linux/putty-0.84/CMakeFiles/CMakeTmp'


Source file was:

#define _ISOC11_SOURCE
#include <stdlib.h>
int main(int argc, char **argv) {
    void *p = aligned_alloc(128, 12345);
    free(p);
}
Performing C SOURCE FILE Test HAVE_WMMINTRIN_H succeeded with the following output:
Change Dir: /home/fgwsz/Gitpro/CTF/Tools/AWD-PuTTy/putty-linux/putty-0.84/CMakeFiles/CMakeTmp

Run Build Command(s):/usr/bin/gmake -f Makefile cmTC_e6df1/fast && /usr/bin/gmake  -f CMakeFiles/cmTC_e6df1.dir/build.make CMakeFiles/cmTC_e6df1.dir/build
gmake[1]: Entering directory '/home/fgwsz/Gitpro/CTF/Tools/AWD-PuTTy/putty-linux/putty-0.84/CMakeFiles/CMakeTmp'
Building C object CMakeFiles/cmTC_e6df1.dir/src.c.o
/usr/bin/cc -DHAVE_WMMINTRIN_H -D_DEFAULT_SOURCE -D_GNU_SOURCE  -msse4.1 -std=gnu99 -o CMakeFiles/cmTC_e6df1.dir/src.c.o -c /home/fgwsz/Gitpro/CTF/Tools/AWD-PuTTy/putty-linux/putty-0.84/CMakeFiles/CMakeTmp/src.c
Linking C executable cmTC_e6df1
/usr/bin/cmake -E cmake_link_script CMakeFiles/cmTC_e6df1.dir/link.txt --verbose=1
/usr/bin/cc   -msse4.1 CMakeFiles/cmTC_e6df1.dir/src.c.o -o cmTC_e6df1 
gmake[1]: Leaving directory '/home/fgwsz/Gitpro/CTF/Tools/AWD-PuTTy/putty-linux/putty-0.84/CMakeFiles/CMakeTmp'


Source file was:

    #include <wmmintrin.h>
    #include <smmintrin.h>
    volatile __m128i r, a, b;
    int main(void) { r = _mm_xor_si128(a, b); }
Performing C SOURCE FILE Test HAVE_AES_NI succeeded with the following output:
Change Dir: /home/fgwsz/Gitpro/CTF/Tools/AWD-PuTTy/putty-linux/putty-0.84/CMakeFiles/CMakeTmp

Run Build Command(s):/usr/bin/gmake -f Makefile cmTC_169cd/fast && /usr/bin/gmake  -f CMakeFiles/cmTC_169cd.dir/build.make CMakeFiles/cmTC_169cd.dir/build
gmake[1]: Entering directory '/home/fgwsz/Gitpro/CTF/Tools/AWD-PuTTy/putty-linux/putty-0.84/CMakeFiles/CMakeTmp'
Building C object CMakeFiles/cmTC_169cd.dir/src.c.o
/usr/bin/cc -DHAVE_AES_NI -D_DEFAULT_SOURCE -D_GNU_SOURCE  -msse4.1 -maes -std=gnu99 -o CMakeFiles/cmTC_169cd.dir/src.c.o -c /home/fgwsz/Gitpro/CTF/Tools/AWD-PuTTy/putty-linux/putty-0.84/CMakeFiles/CMakeTmp/src.c
Linking C executable cmTC_169cd
/usr/bin/cmake -E cmake_link_script CMakeFiles/cmTC_169cd.dir/link.txt --verbose=1
/usr/bin/cc   -msse4.1 -maes CMakeFiles/cmTC_169cd.dir/src.c.o -o cmTC_169cd 
gmake[1]: Leaving directory '/home/fgwsz/Gitpro/CTF/Tools/AWD-PuTTy/putty-linux/putty-0.84/CMakeFiles/CMakeTmp'


Source file was:

      #include <wmmintrin.h>
      #include <smmintrin.h>
      volatile __m128i r, a, b;
      int main(void) { r = _mm_aesenc_si128(a, b); }
Performing C SOURCE FILE Test HAVE_SHAINTRIN_H succeeded with the following output:
Change Dir: /home/fgwsz/Gitpro/CTF/Tools/AWD-PuTTy/putty-linux/putty-0.84/CMakeFiles/CMakeTmp

Run Build Command(s):/usr/bin/gmake -f Makefile cmTC_9ae1f/fast && /usr/bin/gmake  -f CMakeFiles/cmTC_9ae1f.dir/build.make CMakeFiles/cmTC_9ae1f.dir/build
gmake[1]: Entering directory '/home/fgwsz/Gitpro/CTF/Tools/AWD-PuTTy/putty-linux/putty-0.84/CMakeFiles/CMakeTmp'
Building C object CMakeFiles/cmTC_9ae1f.dir/src.c.o
/usr/bin/cc -DHAVE_SHAINTRIN_H -D_DEFAULT_SOURCE -D_GNU_SOURCE  -msse4.1 -msha -std=gnu99 -o CMakeFiles/cmTC_9ae1f.dir/src.c.o -c /home/fgwsz/Gitpro/CTF/Tools/AWD-PuTTy/putty-linux/putty-0.84/CMakeFiles/CMakeTmp/src.c
Linking C executable cmTC_9ae1f
/usr/bin/cmake -E cmake_link_script CMakeFiles/cmTC_9ae1f.dir/link.txt --verbose=1
/usr/bin/cc   -msse4.1 -msha CMakeFiles/cmTC_9ae1f.dir/src.c.o -o cmTC_9ae1f 
gmake[1]: Leaving directory '/home/fgwsz/Gitpro/CTF/Tools/AWD-PuTTy/putty-linux/putty-0.84/CMakeFiles/CMakeTmp'


Source file was:

      #include <wmmintrin.h>
      #include <smmintrin.h>
      #include <immintrin.h>
      #include <shaintrin.h>
      volatile __m128i r, a, b;
      int main(void) { r = _mm_xor_si128(a, b); }
Performing C SOURCE FILE Test HAVE_SHA_NI succeeded with the following output:
Change Dir: /home/fgwsz/Gitpro/CTF/Tools/AWD-PuTTy/putty-linux/putty-0.84/CMakeFiles/CMakeTmp

Run Build Command(s):/usr/bin/gmake -f Makefile cmTC_7f363/fast && /usr/bin/gmake  -f CMakeFiles/cmTC_7f363.dir/build.make CMakeFiles/cmTC_7f363.dir/build
gmake[1]: Entering directory '/home/fgwsz/Gitpro/CTF/Tools/AWD-PuTTy/putty-linux/putty-0.84/CMakeFiles/CMakeTmp'
Building C object CMakeFiles/cmTC_7f363.dir/src.c.o
/usr/bin/cc -DHAVE_SHA_NI -D_DEFAULT_SOURCE -D_GNU_SOURCE  -msse4.1 -msha -std=gnu99 -o CMakeFiles/cmTC_7f363.dir/src.c.o -c /home/fgwsz/Gitpro/CTF/Tools/AWD-PuTTy/putty-linux/putty-0.84/CMakeFiles/CMakeTmp/src.c
Linking C executable cmTC_7f363
/usr/bin/cmake -E cmake_link_script CMakeFiles/cmTC_7f363.dir/link.txt --verbose=1
/usr/bin/cc   -msse4.1 -msha CMakeFiles/cmTC_7f363.dir/src.c.o -o cmTC_7f363 
gmake[1]: Leaving directory '/home/fgwsz/Gitpro/CTF/Tools/AWD-PuTTy/putty-linux/putty-0.84/CMakeFiles/CMakeTmp'


Source file was:

      #include <wmmintrin.h>
      #include <smmintrin.h>
      #include <immintrin.h>
      #include <shaintrin.h>
      volatile __m128i r, a, b, c;
      int main(void) { r = _mm_sha256rnds2_epu32(a, b, c); }
Performing C SOURCE FILE Test HAVE_CLMUL succeeded with the following output:
Change Dir: /home/fgwsz/Gitpro/CTF/Tools/AWD-PuTTy/putty-linux/putty-0.84/CMakeFiles/CMakeTmp

Run Build Command(s):/usr/bin/gmake -f Makefile cmTC_36c92/fast && /usr/bin/gmake  -f CMakeFiles/cmTC_36c92.dir/build.make CMakeFiles/cmTC_36c92.dir/build
gmake[1]: Entering directory '/home/fgwsz/Gitpro/CTF/Tools/AWD-PuTTy/putty-linux/putty-0.84/CMakeFiles/CMakeTmp'
Building C object CMakeFiles/cmTC_36c92.dir/src.c.o
/usr/bin/cc -DHAVE_CLMUL -D_DEFAULT_SOURCE -D_GNU_SOURCE  -msse4.1 -mpclmul -std=gnu99 -o CMakeFiles/cmTC_36c92.dir/src.c.o -c /home/fgwsz/Gitpro/CTF/Tools/AWD-PuTTy/putty-linux/putty-0.84/CMakeFiles/CMakeTmp/src.c
Linking C executable cmTC_36c92
/usr/bin/cmake -E cmake_link_script CMakeFiles/cmTC_36c92.dir/link.txt --verbose=1
/usr/bin/cc   -msse4.1 -mpclmul CMakeFiles/cmTC_36c92.dir/src.c.o -o cmTC_36c92 
gmake[1]: Leaving directory '/home/fgwsz/Gitpro/CTF/Tools/AWD-PuTTy/putty-linux/putty-0.84/CMakeFiles/CMakeTmp'


Source file was:

      #include <wmmintrin.h>
      #include <tmmintrin.h>
      volatile __m128i r, a, b;
      int main(void) { r = _mm_clmulepi64_si128(a, b, 5);
                       r = _mm_shuffle_epi8(r, a); }
